Archive member included because of file (symbol)

/usr/bin/../lib/gcc/arm-none-eabi/4.9.3/armv6-m/libgcc.a(_udivsi3.o)
                              bin/adc_11xx.o (__aeabi_uidiv)
/usr/bin/../lib/gcc/arm-none-eabi/4.9.3/armv6-m/libgcc.a(_divsi3.o)
                              bin/util.o (__aeabi_idiv)
/usr/bin/../lib/gcc/arm-none-eabi/4.9.3/armv6-m/libgcc.a(_dvmd_tls.o)
                              /usr/bin/../lib/gcc/arm-none-eabi/4.9.3/armv6-m/libgcc.a(_udivsi3.o) (__aeabi_idiv0)
/usr/bin/../lib/gcc/arm-none-eabi/4.9.3/armv6-m/libgcc.a(_aeabi_uldivmod.o)
                              bin/mcp2515.o (__aeabi_uldivmod)
/usr/bin/../lib/gcc/arm-none-eabi/4.9.3/armv6-m/libgcc.a(_fixunsdfsi.o)
                              bin/mcp2515.o (__aeabi_d2uiz)
/usr/bin/../lib/gcc/arm-none-eabi/4.9.3/armv6-m/libgcc.a(bpabi.o)
                              /usr/bin/../lib/gcc/arm-none-eabi/4.9.3/armv6-m/libgcc.a(_aeabi_uldivmod.o) (__gnu_uldivmod_helper)
/usr/bin/../lib/gcc/arm-none-eabi/4.9.3/armv6-m/libgcc.a(muldf3.o)
                              bin/mcp2515.o (__aeabi_dmul)
/usr/bin/../lib/gcc/arm-none-eabi/4.9.3/armv6-m/libgcc.a(subdf3.o)
                              /usr/bin/../lib/gcc/arm-none-eabi/4.9.3/armv6-m/libgcc.a(_fixunsdfsi.o) (__aeabi_dsub)
/usr/bin/../lib/gcc/arm-none-eabi/4.9.3/armv6-m/libgcc.a(fixdfsi.o)
                              /usr/bin/../lib/gcc/arm-none-eabi/4.9.3/armv6-m/libgcc.a(_fixunsdfsi.o) (__aeabi_d2iz)
/usr/bin/../lib/gcc/arm-none-eabi/4.9.3/armv6-m/libgcc.a(floatsidf.o)
                              bin/mcp2515.o (__aeabi_i2d)
/usr/bin/../lib/gcc/arm-none-eabi/4.9.3/armv6-m/libgcc.a(_arm_cmpdf2.o)
                              /usr/bin/../lib/gcc/arm-none-eabi/4.9.3/armv6-m/libgcc.a(_fixunsdfsi.o) (__aeabi_dcmpge)
/usr/bin/../lib/gcc/arm-none-eabi/4.9.3/armv6-m/libgcc.a(_clzsi2.o)
                              /usr/bin/../lib/gcc/arm-none-eabi/4.9.3/armv6-m/libgcc.a(muldf3.o) (__clzsi2)
/usr/bin/../lib/gcc/arm-none-eabi/4.9.3/armv6-m/libgcc.a(_muldi3.o)
                              /usr/bin/../lib/gcc/arm-none-eabi/4.9.3/armv6-m/libgcc.a(bpabi.o) (__aeabi_lmul)
/usr/bin/../lib/gcc/arm-none-eabi/4.9.3/armv6-m/libgcc.a(_divdi3.o)
                              /usr/bin/../lib/gcc/arm-none-eabi/4.9.3/armv6-m/libgcc.a(bpabi.o) (__divdi3)
/usr/bin/../lib/gcc/arm-none-eabi/4.9.3/armv6-m/libgcc.a(_udivdi3.o)
                              /usr/bin/../lib/gcc/arm-none-eabi/4.9.3/armv6-m/libgcc.a(bpabi.o) (__udivdi3)
/usr/bin/../lib/gcc/arm-none-eabi/4.9.3/armv6-m/libgcc.a(eqdf2.o)
                              /usr/bin/../lib/gcc/arm-none-eabi/4.9.3/armv6-m/libgcc.a(_arm_cmpdf2.o) (__eqdf2)
/usr/bin/../lib/gcc/arm-none-eabi/4.9.3/armv6-m/libgcc.a(gedf2.o)
                              /usr/bin/../lib/gcc/arm-none-eabi/4.9.3/armv6-m/libgcc.a(_arm_cmpdf2.o) (__gedf2)
/usr/bin/../lib/gcc/arm-none-eabi/4.9.3/armv6-m/libgcc.a(ledf2.o)
                              /usr/bin/../lib/gcc/arm-none-eabi/4.9.3/armv6-m/libgcc.a(_arm_cmpdf2.o) (__ledf2)
/usr/bin/../lib/gcc/arm-none-eabi/4.9.3/armv6-m/libgcc.a(_clzdi2.o)
                              /usr/bin/../lib/gcc/arm-none-eabi/4.9.3/armv6-m/libgcc.a(_divdi3.o) (__clzdi2)
/usr/bin/../lib/gcc/arm-none-eabi/4.9.3/../../../../arm-none-eabi/lib/armv6-m/libg.a(lib_a-memcpy.o)
                              bin/ring_buffer.o (memcpy)
/usr/bin/../lib/gcc/arm-none-eabi/4.9.3/../../../../arm-none-eabi/lib/armv6-m/libg.a(lib_a-strlen.o)
                              bin/board.o (strlen)

Allocating common symbols
Common symbol       size              file

_int_pin            0x1               bin/mcp2515.o
_cs_pin             0x1               bin/mcp2515.o
msTicks             0x4               bin/board.o
_int_gpio           0x1               bin/mcp2515.o
_cs_gpio            0x1               bin/mcp2515.o

Discarded input sections

 .data          0x0000000000000000        0x0 bin/startup_LPC11xx.o
 .bss           0x0000000000000000        0x0 bin/startup_LPC11xx.o
 .ARM.extab.isr_vector
                0x0000000000000000        0x0 bin/startup_LPC11xx.o
 .group         0x0000000000000000        0x8 bin/adc_1125.o
 .group         0x0000000000000000        0x8 bin/adc_1125.o
 .group         0x0000000000000000        0x8 bin/adc_1125.o
 .group         0x0000000000000000        0x8 bin/adc_1125.o
 .group         0x0000000000000000        0x8 bin/adc_1125.o
 .group         0x0000000000000000        0x8 bin/adc_1125.o
 .group         0x0000000000000000        0x8 bin/adc_1125.o
 .group         0x0000000000000000        0x8 bin/adc_1125.o
 .group         0x0000000000000000        0x8 bin/adc_1125.o
 .group         0x0000000000000000        0x8 bin/adc_1125.o
 .group         0x0000000000000000        0x8 bin/adc_1125.o
 .group         0x0000000000000000        0x8 bin/adc_1125.o
 .group         0x0000000000000000        0x8 bin/adc_1125.o
 .group         0x0000000000000000        0x8 bin/adc_1125.o
 .group         0x0000000000000000        0x8 bin/adc_1125.o
[...]
Memory Configuration

Name             Origin             Length             Attributes
FLASH            0x0000000000000000 0x0000000000008000 xr
RAM              0x0000000010000100 0x0000000000001f00 xrw
*default*        0x0000000000000000 0xffffffffffffffff

Linker script and memory map

LOAD bin/startup_LPC11xx.o
LOAD bin/adc_1125.o
LOAD bin/adc_11xx.o
LOAD bin/chip_11xx.o
LOAD bin/clock_11xx.o
LOAD bin/gpio_11xx_1.o
LOAD bin/gpio_11xx_2.o
LOAD bin/gpiogroup_11xx.o
LOAD bin/i2c_11xx.o
LOAD bin/iocon_11xx.o
LOAD bin/pinint_11xx.o
LOAD bin/pmu_11xx.o
LOAD bin/ring_buffer.o
LOAD bin/ssp_11xx.o
LOAD bin/sysctl_11xx.o
LOAD bin/sysinit_11xx.o
LOAD bin/timer_11xx.o
LOAD bin/uart_11xx.o
LOAD bin/wwdt_11xx.o
LOAD bin/a123mbb.o
LOAD bin/brusa.o
LOAD bin/mcp2515.o
LOAD bin/util.o
LOAD bin/board.o
LOAD bin/main.o
LOAD bin/sysinit.o
LOAD /usr/bin/../lib/gcc/arm-none-eabi/4.9.3/../../../../arm-none-eabi/lib/armv6-m/libstdc++.a
LOAD /usr/bin/../lib/gcc/arm-none-eabi/4.9.3/../../../../arm-none-eabi/lib/armv6-m/libm.a
START GROUP
LOAD /usr/bin/../lib/gcc/arm-none-eabi/4.9.3/armv6-m/libgcc.a
LOAD /usr/bin/../lib/gcc/arm-none-eabi/4.9.3/../../../../arm-none-eabi/lib/armv6-m/libg.a
LOAD /usr/bin/../lib/gcc/arm-none-eabi/4.9.3/../../../../arm-none-eabi/lib/armv6-m/libc.a
END GROUP

.text           0x0000000000000000      0xdf8
 *(.isr_vector)
 .isr_vector    0x0000000000000000       0xd0 bin/startup_LPC11xx.o
                0x0000000000000000                __isr_vector
                0x00000000000000c0                Reset_Handler
 *(.text*)
 .text          0x00000000000000d0        0xc bin/startup_LPC11xx.o
                0x00000000000000d0                NMI_Handler
                0x00000000000000d2                HardFault_Handler
                0x00000000000000d4                SVC_Handler
                0x00000000000000d6                PendSV_Handler
                0x00000000000000da                TIMER16_0_IRQHandler
                0x00000000000000da                UART_IRQHandler
                0x00000000000000da                TIMER32_1_IRQHandler
                0x00000000000000da                PIOINT1_IRQHandler
                0x00000000000000da                SSP0_IRQHandler
                0x00000000000000da                TIMER16_1_IRQHandler
                0x00000000000000da                Default_Handler
                0x00000000000000da                ADC_IRQHandler
                0x00000000000000da                SSP1_IRQHandler
                0x00000000000000da                PIOINT2_IRQHandler
                0x00000000000000da                BOD_IRQHandler
                0x00000000000000da                WAKEUP_IRQHandler
                0x00000000000000da                PIOINT0_IRQHandler
                0x00000000000000da                I2C_IRQHandler
                0x00000000000000da                WDT_IRQHandler
                0x00000000000000da                PIOINT3_IRQHandler
 .text.SystemCoreClockUpdate
                0x00000000000000dc       0x10 bin/chip_11xx.o
                0x00000000000000dc                SystemCoreClockUpdate
 .text.Chip_Clock_GetWDTOSCRate
                0x00000000000000ec       0x28 bin/clock_11xx.o
                0x00000000000000ec                Chip_Clock_GetWDTOSCRate
 .text.Chip_Clock_GetSystemPLLInClockRate
                0x0000000000000114       0x28 bin/clock_11xx.o
                0x0000000000000114                Chip_Clock_GetSystemPLLInClockRate
 .text.Chip_Clock_GetSystemPLLOutClockRate
                0x000000000000013c       0x18 bin/clock_11xx.o
                0x000000000000013c                Chip_Clock_GetSystemPLLOutClockRate
 .text.Chip_Clock_GetMainClockRate
                0x0000000000000154       0x34 bin/clock_11xx.o
                0x0000000000000154                Chip_Clock_GetMainClockRate
 .text.Chip_Clock_GetSystemClockRate
                0x0000000000000188       0x14 bin/clock_11xx.o
                0x0000000000000188                Chip_Clock_GetSystemClockRate
 .text.Chip_GPIO_Init
                0x000000000000019c       0x10 bin/gpio_11xx_2.o
                0x000000000000019c                Chip_GPIO_Init
 .text.Chip_GPIO_WriteDirBit
                0x00000000000001ac       0x28 bin/gpio_11xx_2.o
                0x00000000000001ac                Chip_GPIO_WriteDirBit
 .text.RingBuffer_Init
                0x00000000000001d4       0x10 bin/ring_buffer.o
                0x00000000000001d4                RingBuffer_Init
 .text.RingBuffer_Insert
                0x00000000000001e4       0x30 bin/ring_buffer.o
                0x00000000000001e4                RingBuffer_Insert
 .text.RingBuffer_Pop
                0x0000000000000214       0x30 bin/ring_buffer.o
                0x0000000000000214                RingBuffer_Pop
 .text.Chip_TIMER_Init
                0x0000000000000244       0x3c bin/timer_11xx.o
                0x0000000000000244                Chip_TIMER_Init
 .text.Chip_TIMER_Reset
                0x0000000000000280       0x18 bin/timer_11xx.o
                0x0000000000000280                Chip_TIMER_Reset
 .text.Chip_UART_Init
                0x0000000000000298       0x28 bin/uart_11xx.o
                0x0000000000000298                Chip_UART_Init
 .text.Chip_UART_Send
                0x00000000000002c0       0x1a bin/uart_11xx.o
                0x00000000000002c0                Chip_UART_Send
 .text.Chip_UART_SendBlocking
                0x00000000000002da       0x24 bin/uart_11xx.o
                0x00000000000002da                Chip_UART_SendBlocking
 .text.Chip_UART_Read
                0x00000000000002fe       0x1a bin/uart_11xx.o
                0x00000000000002fe                Chip_UART_Read
 .text.Chip_UART_SetBaud
                0x0000000000000318       0x38 bin/uart_11xx.o
                0x0000000000000318                Chip_UART_SetBaud
 .text.__reverse
                0x0000000000000350       0x14 bin/util.o
                0x0000000000000350                __reverse
 .text.itoa     0x0000000000000364       0x6c bin/util.o
                0x0000000000000364                itoa
 .text.SysTick_Handler
                0x00000000000003d0       0x10 bin/board.o
                0x00000000000003d0                SysTick_Handler
 .text.CAN_IRQHandler
                0x00000000000003e0       0x14 bin/board.o
                0x00000000000003e0                CAN_IRQHandler
 .text.Board_SysTick_Init
                0x00000000000003f4       0x48 bin/board.o
                0x00000000000003f4                Board_SysTick_Init
 .text.Board_LEDs_Init
                0x000000000000043c       0x1a bin/board.o
                0x000000000000043c                Board_LEDs_Init
 *fill*         0x0000000000000456        0x2 
 .text.Board_UART_Init
                0x0000000000000458       0x38 bin/board.o
                0x0000000000000458                Board_UART_Init
 .text.Board_UART_Print
                0x0000000000000490       0x18 bin/board.o
                0x0000000000000490                Board_UART_Print
 .text.Board_UART_Println
                0x00000000000004a8       0x14 bin/board.o
                0x00000000000004a8                Board_UART_Println
 .text.Board_UART_SendBlocking
                0x00000000000004bc       0x14 bin/board.o
                0x00000000000004bc                Board_UART_SendBlocking
 .text.Board_UART_Read
                0x00000000000004d0       0x18 bin/board.o
                0x00000000000004d0                Board_UART_Read
 .text.CAN_baudrate_calculate
                0x00000000000004e8       0x7c bin/board.o
                0x00000000000004e8                CAN_baudrate_calculate
 .text.Board_CAN_Init
                0x0000000000000564       0x48 bin/board.o
                0x0000000000000564                Board_CAN_Init
 .text.CAN_tx   0x00000000000005ac        0x2 bin/main.o
                0x00000000000005ac                CAN_tx
 *fill*         0x00000000000005ae        0x2 
 .text.CAN_error
                0x00000000000005b0       0x14 bin/main.o
                0x00000000000005b0                CAN_error
 .text.CAN_rx   0x00000000000005c4       0x30 bin/main.o
                0x00000000000005c4                CAN_rx
 .text.TIMER32_0_IRQHandler
                0x00000000000005f4       0x3c bin/main.o
                0x00000000000005f4                TIMER32_0_IRQHandler
 .text.startup.main
                0x0000000000000630      0x258 bin/main.o
                0x0000000000000630                main
 .text.SystemInit
                0x0000000000000888       0x8c bin/sysinit.o
                0x0000000000000888                SystemInit
 .text          0x0000000000000914      0x120 /usr/bin/../lib/gcc/arm-none-eabi/4.9.3/armv6-m/libgcc.a(_udivsi3.o)
                0x0000000000000914                __udivsi3
                0x0000000000000914                __aeabi_uidiv
                0x0000000000000a20                __aeabi_uidivmod
 .text          0x0000000000000a34      0x1e0 /usr/bin/../lib/gcc/arm-none-eabi/4.9.3/armv6-m/libgcc.a(_divsi3.o)
                0x0000000000000a34                __aeabi_idiv
                0x0000000000000a34                __divsi3
                0x0000000000000c00                __aeabi_idivmod
 .text          0x0000000000000c14        0x4 /usr/bin/../lib/gcc/arm-none-eabi/4.9.3/armv6-m/libgcc.a(_dvmd_tls.o)
                0x0000000000000c14                __aeabi_ldiv0
                0x0000000000000c14                __aeabi_idiv0
 .text.memcpy   0x0000000000000c18       0x7c /usr/bin/../lib/gcc/arm-none-eabi/4.9.3/../../../../arm-none-eabi/lib/armv6-m/libg.a(lib_a-memcpy.o)
                0x0000000000000c18                memcpy
 .text.strlen   0x0000000000000c94       0x68 /usr/bin/../lib/gcc/arm-none-eabi/4.9.3/../../../../arm-none-eabi/lib/armv6-m/libg.a(lib_a-strlen.o)
                0x0000000000000c94                strlen
 *(.init)
 *(.fini)
 *crtbegin.o(.ctors)
 *crtbegin?.o(.ctors)
 *(EXCLUDE_FILE(*crtend.o *crtend?.o) .ctors)
 *(SORT(.ctors.*))
 *(.ctors)
 *crtbegin.o(.dtors)
 *crtbegin?.o(.dtors)
 *(EXCLUDE_FILE(*crtend.o *crtend?.o) .dtors)
 *(SORT(.dtors.*))
 *(.dtors)
 *(.rodata*)
 .rodata.wdtOSCRate
                0x0000000000000cfc       0x40 bin/clock_11xx.o
 .rodata.digits.4196
                0x0000000000000d3c       0x11 bin/util.o
 *fill*         0x0000000000000d4d        0x3 
 .rodata.OscRateIn
                0x0000000000000d50        0x4 bin/board.o
                0x0000000000000d50                OscRateIn
 .rodata.str1.1
                0x0000000000000d54        0x3 bin/board.o
 .rodata.str1.1
                0x0000000000000d57       0xa1 bin/main.o
 *(.eh_frame*)

.glue_7         0x0000000000000df8        0x0
 .glue_7        0x0000000000000000        0x0 linker stubs

.glue_7t        0x0000000000000df8        0x0
 .glue_7t       0x0000000000000000        0x0 linker stubs

.vfp11_veneer   0x0000000000000df8        0x0
 .vfp11_veneer  0x0000000000000000        0x0 linker stubs

.v4_bx          0x0000000000000df8        0x0
 .v4_bx         0x0000000000000000        0x0 linker stubs

.iplt           0x0000000000000df8        0x0
 .iplt          0x0000000000000000        0x0 bin/startup_LPC11xx.o

.ARM.extab
 *(.ARM.extab* .gnu.linkonce.armextab.*)
                0x0000000000000df8                __exidx_start = .

.ARM.exidx      0x0000000000000df8        0x8
 *(.ARM.exidx* .gnu.linkonce.armexidx.*)
 .ARM.exidx.isr_vector
                0x0000000000000df8        0x8 bin/startup_LPC11xx.o
                0x0000000000000e00                __exidx_end = .
                0x0000000000000e00                __etext = .

.rel.dyn        0x0000000000000e00        0x0
 .rel.iplt      0x0000000000000000        0x0 bin/startup_LPC11xx.o

.data           0x0000000010000100        0x4 load address 0x0000000000000e00
                0x0000000010000100                __data_start__ = .
 *(vtable)
 *(.data*)
 .data.SystemCoreClock
                0x0000000010000100        0x4 bin/sysinit.o
                0x0000000010000100                SystemCoreClock
                0x0000000010000104                . = ALIGN (0x4)
                0x0000000010000104                PROVIDE (__preinit_array_start, .)
 *(.preinit_array)
                0x0000000010000104                PROVIDE (__preinit_array_end, .)
                0x0000000010000104                . = ALIGN (0x4)
                0x0000000010000104                PROVIDE (__init_array_start, .)
 *(SORT(.init_array.*))
 *(.init_array)
                0x0000000010000104                PROVIDE (__init_array_end, .)
                0x0000000010000104                . = ALIGN (0x4)
                0x0000000010000104                PROVIDE (__fini_array_start, .)
 *(SORT(.fini_array.*))
 *(.fini_array)
                0x0000000010000104                PROVIDE (__fini_array_end, .)
 *(.jcr*)
                0x0000000010000104                . = ALIGN (0x4)
                0x0000000010000104                __data_end__ = .

.igot.plt       0x0000000010000104        0x0 load address 0x0000000000000e04
 .igot.plt      0x0000000000000000        0x0 bin/startup_LPC11xx.o

.bss            0x0000000010000108      0x184 load address 0x0000000000000e08
                0x0000000010000108                . = ALIGN (0x4)
                0x0000000010000108                __bss_start__ = .
 *(.bss*)
 .bss.str       0x0000000010000108       0x64 bin/main.o
 .bss.uart_rx_buffer
                0x000000001000016c        0x8 bin/main.o
 .bss.rpm_str   0x0000000010000174       0x17 bin/main.o
 *fill*         0x000000001000018b        0x1 
 .bss.can_error_info
                0x000000001000018c        0x4 bin/main.o
 .bss.curr_rpm  0x0000000010000190        0x2 bin/main.o
 .bss.can_error_flag
                0x0000000010000192        0x1 bin/main.o
 *fill*         0x0000000010000193        0x1 
 .bss.can_rx_buffer
                0x0000000010000194       0x14 bin/main.o
 .bss.msg_obj   0x00000000100001a8       0x18 bin/main.o
 .bss._rx_buffer
                0x00000000100001c0       0xc0 bin/main.o
 .bss.rpm_count
                0x0000000010000280        0x4 bin/main.o
 .bss.rpm_time  0x0000000010000284        0x4 bin/main.o
 *(COMMON)
 COMMON         0x0000000010000288        0x4 bin/board.o
                0x0000000010000288                msTicks
                0x000000001000028c                . = ALIGN (0x4)
                0x000000001000028c                __bss_end__ = .

.heap           0x0000000010000290     0x1000
                0x0000000010000290                __end__ = .
                0x0000000010000290                PROVIDE (end, .)
 *(.heap*)
 .heap          0x0000000010000290     0x1000 bin/startup_LPC11xx.o
                0x0000000010000290                __HeapBase
                0x0000000010001290                __HeapLimit = .

.stack_dummy    0x0000000010000290      0x200
 *(.stack*)
 .stack         0x0000000010000290      0x200 bin/startup_LPC11xx.o
                0x0000000010002000                __StackTop = (ORIGIN (RAM) + 0x1f00)
                0x0000000010001e00                __StackLimit = (__StackTop - SIZEOF (.stack_dummy))
                0x0000000010002000                PROVIDE (__stack, __StackTop)
                0x0000000000000001                ASSERT ((__StackLimit >= __HeapLimit), region RAM overflowed with stack)
OUTPUT(bin/BCM.elf elf32-littlearm)

.ARM.attributes
                0x0000000000000000       0x2d
 .ARM.attributes
                0x0000000000000000       0x21 bin/startup_LPC11xx.o
 .ARM.attributes
                0x0000000000000021       0x31 bin/chip_11xx.o
 .ARM.attributes
                0x0000000000000052       0x31 bin/clock_11xx.o
 .ARM.attributes
                0x0000000000000083       0x31 bin/gpio_11xx_2.o
 .ARM.attributes
                0x00000000000000b4       0x31 bin/ring_buffer.o
 .ARM.attributes
                0x00000000000000e5       0x31 bin/timer_11xx.o
 .ARM.attributes
                0x0000000000000116       0x31 bin/uart_11xx.o
 .ARM.attributes
                0x0000000000000147       0x31 bin/util.o
 .ARM.attributes
                0x0000000000000178       0x31 bin/board.o
 .ARM.attributes
                0x00000000000001a9       0x31 bin/main.o
 .ARM.attributes
                0x00000000000001da       0x31 bin/sysinit.o
 .ARM.attributes
                0x000000000000020b       0x1e /usr/bin/../lib/gcc/arm-none-eabi/4.9.3/armv6-m/libgcc.a(_udivsi3.o)
 .ARM.attributes
                0x0000000000000229       0x1e /usr/bin/../lib/gcc/arm-none-eabi/4.9.3/armv6-m/libgcc.a(_divsi3.o)
 .ARM.attributes
                0x0000000000000247       0x1e /usr/bin/../lib/gcc/arm-none-eabi/4.9.3/armv6-m/libgcc.a(_dvmd_tls.o)
 .ARM.attributes
                0x0000000000000265       0x2c /usr/bin/../lib/gcc/arm-none-eabi/4.9.3/../../../../arm-none-eabi/lib/armv6-m/libg.a(lib_a-memcpy.o)
 .ARM.attributes
                0x0000000000000291       0x2c /usr/bin/../lib/gcc/arm-none-eabi/4.9.3/../../../../arm-none-eabi/lib/armv6-m/libg.a(lib_a-strlen.o)

.comment        0x0000000000000000       0x70
 .comment       0x0000000000000000       0x70 bin/chip_11xx.o
                                         0x71 (size before relaxing)
 .comment       0x0000000000000000       0x71 bin/clock_11xx.o
 .comment       0x0000000000000000       0x71 bin/gpio_11xx_2.o
 .comment       0x0000000000000000       0x71 bin/ring_buffer.o
 .comment       0x0000000000000000       0x71 bin/timer_11xx.o
 .comment       0x0000000000000000       0x71 bin/uart_11xx.o
 .comment       0x0000000000000000       0x71 bin/util.o
 .comment       0x0000000000000000       0x71 bin/board.o
 .comment       0x0000000000000000       0x71 bin/main.o
 .comment       0x0000000000000000       0x71 bin/sysinit.o

.debug_line     0x0000000000000000     0x264b
 .debug_line    0x0000000000000000       0x8c bin/startup_LPC11xx.o
 .debug_line    0x000000000000008c      0x2eb bin/chip_11xx.o
 .debug_line    0x0000000000000377      0x3e4 bin/clock_11xx.o
 .debug_line    0x000000000000075b      0x3eb bin/gpio_11xx_2.o
 .debug_line    0x0000000000000b46      0x334 bin/ring_buffer.o
 .debug_line    0x0000000000000e7a      0x36f bin/timer_11xx.o
 .debug_line    0x00000000000011e9      0x569 bin/uart_11xx.o
 .debug_line    0x0000000000001752      0x241 bin/util.o
 .debug_line    0x0000000000001993      0x50c bin/board.o
 .debug_line    0x0000000000001e9f      0x4b4 bin/main.o
 .debug_line    0x0000000000002353      0x2f8 bin/sysinit.o

.debug_info     0x0000000000000000     0x6b4f
 .debug_info    0x0000000000000000       0xa0 bin/startup_LPC11xx.o
 .debug_info    0x00000000000000a0       0xe7 bin/chip_11xx.o
 .debug_info    0x0000000000000187      0x8fa bin/clock_11xx.o
 .debug_info    0x0000000000000a81      0xc3d bin/gpio_11xx_2.o
 .debug_info    0x00000000000016be      0x4bc bin/ring_buffer.o
 .debug_info    0x0000000000001b7a      0x858 bin/timer_11xx.o
 .debug_info    0x00000000000023d2     0x125b bin/uart_11xx.o
 .debug_info    0x000000000000362d      0x339 bin/util.o
 .debug_info    0x0000000000003966     0x17fa bin/board.o
 .debug_info    0x0000000000005160     0x14bd bin/main.o
 .debug_info    0x000000000000661d      0x532 bin/sysinit.o

.debug_abbrev   0x0000000000000000     0x15d9
 .debug_abbrev  0x0000000000000000       0x12 bin/startup_LPC11xx.o
 .debug_abbrev  0x0000000000000012       0x9b bin/chip_11xx.o
 .debug_abbrev  0x00000000000000ad      0x23f bin/clock_11xx.o
 .debug_abbrev  0x00000000000002ec      0x1fb bin/gpio_11xx_2.o
 .debug_abbrev  0x00000000000004e7      0x182 bin/ring_buffer.o
 .debug_abbrev  0x0000000000000669      0x1ec bin/timer_11xx.o
 .debug_abbrev  0x0000000000000855      0x31d bin/uart_11xx.o
 .debug_abbrev  0x0000000000000b72      0x12c bin/util.o
 .debug_abbrev  0x0000000000000c9e      0x451 bin/board.o
 .debug_abbrev  0x00000000000010ef      0x3fc bin/main.o
 .debug_abbrev  0x00000000000014eb       0xee bin/sysinit.o

.debug_aranges  0x0000000000000000      0x320
 .debug_aranges
                0x0000000000000000       0x28 bin/startup_LPC11xx.o
 .debug_aranges
                0x0000000000000028       0x20 bin/chip_11xx.o
 .debug_aranges
                0x0000000000000048       0x68 bin/clock_11xx.o
 .debug_aranges
                0x00000000000000b0       0x50 bin/gpio_11xx_2.o
 .debug_aranges
                0x0000000000000100       0x40 bin/ring_buffer.o
 .debug_aranges
                0x0000000000000140       0x38 bin/timer_11xx.o
 .debug_aranges
                0x0000000000000178       0x80 bin/uart_11xx.o
 .debug_aranges
                0x00000000000001f8       0x48 bin/util.o
 .debug_aranges
                0x0000000000000240       0x78 bin/board.o
 .debug_aranges
                0x00000000000002b8       0x48 bin/main.o
 .debug_aranges
                0x0000000000000300       0x20 bin/sysinit.o

.debug_ranges   0x0000000000000000      0x5f0
 .debug_ranges  0x0000000000000000       0x20 bin/startup_LPC11xx.o
 .debug_ranges  0x0000000000000020       0x10 bin/chip_11xx.o
 .debug_ranges  0x0000000000000030       0x58 bin/clock_11xx.o
 .debug_ranges  0x0000000000000088       0xb8 bin/gpio_11xx_2.o
 .debug_ranges  0x0000000000000140       0xd0 bin/ring_buffer.o
 .debug_ranges  0x0000000000000210       0x58 bin/timer_11xx.o
 .debug_ranges  0x0000000000000268      0x1a8 bin/uart_11xx.o
 .debug_ranges  0x0000000000000410       0x38 bin/util.o
 .debug_ranges  0x0000000000000448       0xc8 bin/board.o
 .debug_ranges  0x0000000000000510       0xd0 bin/main.o
 .debug_ranges  0x00000000000005e0       0x10 bin/sysinit.o

.debug_macro    0x0000000000000000     0x18d9
 .debug_macro   0x0000000000000000      0x160 bin/chip_11xx.o
 .debug_macro   0x0000000000000160      0x160 bin/clock_11xx.o
 .debug_macro   0x00000000000002c0      0x160 bin/gpio_11xx_2.o
 .debug_macro   0x0000000000000420      0x129 bin/ring_buffer.o
 .debug_macro   0x0000000000000549       0x58 bin/ring_buffer.o
 .debug_macro   0x00000000000005a1       0x35 bin/ring_buffer.o
 .debug_macro   0x00000000000005d6       0x9c bin/ring_buffer.o
 .debug_macro   0x0000000000000672      0x166 bin/ring_buffer.o
 .debug_macro   0x00000000000007d8       0x4a bin/ring_buffer.o
 .debug_macro   0x0000000000000822       0x52 bin/ring_buffer.o
 .debug_macro   0x0000000000000874       0x16 bin/ring_buffer.o
 .debug_macro   0x000000000000088a       0x43 bin/ring_buffer.o
 .debug_macro   0x00000000000008cd      0x180 bin/ring_buffer.o
 .debug_macro   0x0000000000000a4d      0x29d bin/ring_buffer.o
 .debug_macro   0x0000000000000cea       0x10 bin/ring_buffer.o
 .debug_macro   0x0000000000000cfa       0x35 bin/ring_buffer.o
 .debug_macro   0x0000000000000d2f       0x5f bin/ring_buffer.o
 .debug_macro   0x0000000000000d8e       0x10 bin/ring_buffer.o
 .debug_macro   0x0000000000000d9e      0x160 bin/timer_11xx.o
 .debug_macro   0x0000000000000efe      0x160 bin/uart_11xx.o
 .debug_macro   0x000000000000105e       0x76 bin/util.o
 .debug_macro   0x00000000000010d4      0x225 bin/board.o
 .debug_macro   0x00000000000012f9       0x64 bin/board.o
 .debug_macro   0x000000000000135d      0x23d bin/main.o
 .debug_macro   0x000000000000159a      0x129 bin/main.o
 .debug_macro   0x00000000000016c3      0x216 bin/sysinit.o

.debug_str      0x0000000000000000     0xb70d
 .debug_str     0x0000000000000000     0x7097 bin/chip_11xx.o
                                       0x7264 (size before relaxing)
 .debug_str     0x0000000000007097      0x7e7 bin/clock_11xx.o
                                       0x7a0a (size before relaxing)
 .debug_str     0x000000000000787e      0x45c bin/gpio_11xx_2.o
                                       0x78f2 (size before relaxing)
 .debug_str     0x0000000000007cda     0x25b4 bin/ring_buffer.o
                                       0x585c (size before relaxing)
 .debug_str     0x000000000000a28e      0x180 bin/timer_11xx.o
                                       0x77e4 (size before relaxing)
 .debug_str     0x000000000000a40e      0x306 bin/uart_11xx.o
                                       0x7a2e (size before relaxing)
 .debug_str     0x000000000000a714       0xd1 bin/util.o
                                       0x32a5 (size before relaxing)
 .debug_str     0x000000000000a7e5      0xa83 bin/board.o
                                       0xa75f (size before relaxing)
 .debug_str     0x000000000000b268      0x1ca bin/main.o
                                       0xa362 (size before relaxing)
 .debug_str     0x000000000000b432      0x2db bin/sysinit.o
                                       0x7779 (size before relaxing)

.debug_frame    0x0000000000000000      0x830
 .debug_frame   0x0000000000000000       0x2c bin/chip_11xx.o
 .debug_frame   0x000000000000002c       0xe0 bin/clock_11xx.o
 .debug_frame   0x000000000000010c       0xc4 bin/gpio_11xx_2.o
 .debug_frame   0x00000000000001d0       0xb0 bin/ring_buffer.o
 .debug_frame   0x0000000000000280       0x64 bin/timer_11xx.o
 .debug_frame   0x00000000000002e4      0x1d0 bin/uart_11xx.o
 .debug_frame   0x00000000000004b4       0xa8 bin/util.o
 .debug_frame   0x000000000000055c      0x16c bin/board.o
 .debug_frame   0x00000000000006c8       0xa8 bin/main.o
 .debug_frame   0x0000000000000770       0x2c bin/sysinit.o
 .debug_frame   0x000000000000079c       0x20 /usr/bin/../lib/gcc/arm-none-eabi/4.9.3/armv6-m/libgcc.a(_udivsi3.o)
 .debug_frame   0x00000000000007bc       0x20 /usr/bin/../lib/gcc/arm-none-eabi/4.9.3/armv6-m/libgcc.a(_divsi3.o)
 .debug_frame   0x00000000000007dc       0x2c /usr/bin/../lib/gcc/arm-none-eabi/4.9.3/../../../../arm-none-eabi/lib/armv6-m/libg.a(lib_a-memcpy.o)
 .debug_frame   0x0000000000000808       0x28 /usr/bin/../lib/gcc/arm-none-eabi/4.9.3/../../../../arm-none-eabi/lib/armv6-m/libg.a(lib_a-strlen.o)

.debug_loc      0x0000000000000000     0x1ec0
 .debug_loc     0x0000000000000000      0x16c bin/clock_11xx.o
 .debug_loc     0x000000000000016c      0x46f bin/gpio_11xx_2.o
 .debug_loc     0x00000000000005db      0x61c bin/ring_buffer.o
 .debug_loc     0x0000000000000bf7      0x129 bin/timer_11xx.o
 .debug_loc     0x0000000000000d20      0xab7 bin/uart_11xx.o
 .debug_loc     0x00000000000017d7      0x2ba bin/util.o
 .debug_loc     0x0000000000001a91      0x373 bin/board.o
 .debug_loc     0x0000000000001e04       0x78 bin/main.o
 .debug_loc     0x0000000000001e7c       0x44 bin/sysinit.o

Cross Reference Table

Symbol                                            File
ADC_IRQHandler                                    bin/startup_LPC11xx.o
BOD_IRQHandler                                    bin/startup_LPC11xx.o
Board_CAN_Init                                    bin/board.o
                                                  bin/main.o
Board_LEDs_Init                                   bin/board.o
                                                  bin/main.o
Board_SysTick_Init                                bin/board.o
                                                  bin/main.o
Board_UART_Init                                   bin/board.o
                                                  bin/main.o
Board_UART_Print                                  bin/board.o
                                                  bin/main.o
Board_UART_PrintNum                               bin/board.o
Board_UART_Println                                bin/board.o
                                                  bin/main.o
Board_UART_Read                                   bin/board.o
                                                  bin/main.o
Board_UART_SendBlocking                           bin/board.o
                                                  bin/main.o
Brusa_Decode                                      bin/brusa.o
Brusa_DecodeActI                                  bin/brusa.o
Brusa_DecodeActII                                 bin/brusa.o
Brusa_DecodeErr                                   bin/brusa.o
Brusa_DecodeStatus                                bin/brusa.o
Brusa_DecodeTemp                                  bin/brusa.o
Brusa_MakeCTL                                     bin/brusa.o
CAN_IRQHandler                                    bin/board.o
                                                  bin/startup_LPC11xx.o
CAN_baudrate_calculate                            bin/board.o
CAN_error                                         bin/main.o
CAN_rx                                            bin/main.o
CAN_tx                                            bin/main.o
Chip_ADC_DeInit                                   bin/adc_11xx.o
Chip_ADC_EnableChannel                            bin/adc_11xx.o
Chip_ADC_Init                                     bin/adc_11xx.o
Chip_ADC_Int_SetChannelCmd                        bin/adc_11xx.o
Chip_ADC_ReadByte                                 bin/adc_11xx.o
Chip_ADC_ReadStatus                               bin/adc_11xx.o
Chip_ADC_ReadValue                                bin/adc_11xx.o
Chip_ADC_SetBurstCmd                              bin/adc_11xx.o
Chip_ADC_SetResolution                            bin/adc_11xx.o
Chip_ADC_SetSampleRate                            bin/adc_11xx.o
Chip_ADC_SetStartMode                             bin/adc_11xx.o
Chip_Clock_GetMainClockRate                       bin/clock_11xx.o
                                                  bin/board.o
                                                  bin/uart_11xx.o
                                                  bin/ssp_11xx.o
                                                  bin/i2c_11xx.o
Chip_Clock_GetSystemClockRate                     bin/clock_11xx.o
                                                  bin/chip_11xx.o
                                                  bin/adc_11xx.o
Chip_Clock_GetSystemPLLInClockRate                bin/clock_11xx.o
Chip_Clock_GetSystemPLLOutClockRate               bin/clock_11xx.o
Chip_Clock_GetWDTOSCRate                          bin/clock_11xx.o
Chip_Clock_SetCLKOUTSource                        bin/clock_11xx.o
Chip_Clock_SetMainClockSource                     bin/clock_11xx.o
                                                  bin/sysinit_11xx.o
Chip_Clock_SetPLLBypass                           bin/clock_11xx.o
Chip_Clock_SetSystemPLLSource                     bin/clock_11xx.o
                                                  bin/sysinit_11xx.o
Chip_Clock_SetWDTClockSource                      bin/clock_11xx.o
Chip_GPIO_DeInit                                  bin/gpio_11xx_2.o
Chip_GPIO_Init                                    bin/gpio_11xx_2.o
                                                  bin/board.o
Chip_GPIO_SetDir                                  bin/gpio_11xx_2.o
Chip_GPIO_SetPinDIR                               bin/gpio_11xx_2.o
Chip_GPIO_SetPortDIR                              bin/gpio_11xx_2.o
Chip_GPIO_SetupPinInt                             bin/gpio_11xx_2.o
Chip_GPIO_WriteDirBit                             bin/gpio_11xx_2.o
                                                  bin/board.o
                                                  bin/mcp2515.o
Chip_I2C_DeInit                                   bin/i2c_11xx.o
Chip_I2C_Disable                                  bin/i2c_11xx.o
Chip_I2C_EventHandler                             bin/i2c_11xx.o
Chip_I2C_EventHandlerPolling                      bin/i2c_11xx.o
Chip_I2C_GetClockRate                             bin/i2c_11xx.o
Chip_I2C_GetMasterEventHandler                    bin/i2c_11xx.o
Chip_I2C_Init                                     bin/i2c_11xx.o
Chip_I2C_IsMasterActive                           bin/i2c_11xx.o
Chip_I2C_IsStateChanged                           bin/i2c_11xx.o
Chip_I2C_MasterCmdRead                            bin/i2c_11xx.o
Chip_I2C_MasterRead                               bin/i2c_11xx.o
Chip_I2C_MasterSend                               bin/i2c_11xx.o
Chip_I2C_MasterStateHandler                       bin/i2c_11xx.o
Chip_I2C_MasterTransfer                           bin/i2c_11xx.o
Chip_I2C_SetClockRate                             bin/i2c_11xx.o
Chip_I2C_SetMasterEventHandler                    bin/i2c_11xx.o
Chip_I2C_SlaveSetup                               bin/i2c_11xx.o
Chip_I2C_SlaveStateHandler                        bin/i2c_11xx.o
Chip_PMU_DeepPowerDownState                       bin/pmu_11xx.o
Chip_PMU_Sleep                                    bin/pmu_11xx.o
Chip_PMU_SleepState                               bin/pmu_11xx.o
Chip_SSP_DeInit                                   bin/ssp_11xx.o
Chip_SSP_Init                                     bin/ssp_11xx.o
Chip_SSP_Int_FlushData                            bin/ssp_11xx.o
Chip_SSP_Int_RWFrames16Bits                       bin/ssp_11xx.o
Chip_SSP_Int_RWFrames8Bits                        bin/ssp_11xx.o
Chip_SSP_RWFrames_Blocking                        bin/ssp_11xx.o
                                                  bin/mcp2515.o
Chip_SSP_ReadFrames_Blocking                      bin/ssp_11xx.o
Chip_SSP_SetBitRate                               bin/ssp_11xx.o
Chip_SSP_SetClockRate                             bin/ssp_11xx.o
Chip_SSP_SetMaster                                bin/ssp_11xx.o
Chip_SSP_WriteFrames_Blocking                     bin/ssp_11xx.o
                                                  bin/mcp2515.o
Chip_SYSCTL_PowerDown                             bin/sysctl_11xx.o
                                                  bin/sysinit_11xx.o
                                                  bin/adc_11xx.o
Chip_SYSCTL_PowerUp                               bin/sysctl_11xx.o
                                                  bin/sysinit_11xx.o
                                                  bin/adc_11xx.o
Chip_SYSCTL_SetDeepSleepPD                        bin/sysctl_11xx.o
Chip_SYSCTL_SetWakeup                             bin/sysctl_11xx.o
Chip_SystemInit                                   bin/sysinit_11xx.o
Chip_TIMER_DeInit                                 bin/timer_11xx.o
Chip_TIMER_ExtMatchControlSet                     bin/timer_11xx.o
Chip_TIMER_Init                                   bin/timer_11xx.o
                                                  bin/main.o
Chip_TIMER_Reset                                  bin/timer_11xx.o
                                                  bin/main.o
Chip_UART_DeInit                                  bin/uart_11xx.o
Chip_UART_IRQRBHandler                            bin/uart_11xx.o
Chip_UART_Init                                    bin/uart_11xx.o
                                                  bin/board.o
Chip_UART_RXIntHandlerRB                          bin/uart_11xx.o
Chip_UART_Read                                    bin/uart_11xx.o
                                                  bin/board.o
Chip_UART_ReadBlocking                            bin/uart_11xx.o
Chip_UART_ReadRB                                  bin/uart_11xx.o
Chip_UART_Send                                    bin/uart_11xx.o
Chip_UART_SendBlocking                            bin/uart_11xx.o
                                                  bin/board.o
Chip_UART_SendRB                                  bin/uart_11xx.o
Chip_UART_SetBaud                                 bin/uart_11xx.o
                                                  bin/board.o
Chip_UART_SetBaudFDR                              bin/uart_11xx.o
Chip_UART_TXIntHandlerRB                          bin/uart_11xx.o
Chip_WWDT_ClearStatusFlag                         bin/wwdt_11xx.o
Chip_WWDT_DeInit                                  bin/wwdt_11xx.o
Chip_WWDT_Init                                    bin/wwdt_11xx.o
Default_Handler                                   bin/startup_LPC11xx.o
HardFault_Handler                                 bin/startup_LPC11xx.o
I2C_IRQHandler                                    bin/startup_LPC11xx.o
MBB_DecodeExt                                     bin/a123mbb.o
MBB_DecodeStd                                     bin/a123mbb.o
MBB_MakeCMD                                       bin/a123mbb.o
MCP2515_BitModify                                 bin/mcp2515.o
MCP2515_GetEmptyTransmitBuffer                    bin/mcp2515.o
MCP2515_GetFullReceiveBuffer                      bin/mcp2515.o
MCP2515_Init                                      bin/mcp2515.o
MCP2515_LoadBuffer                                bin/mcp2515.o
MCP2515_LoadBufferData                            bin/mcp2515.o
MCP2515_Mode                                      bin/mcp2515.o
MCP2515_Read                                      bin/mcp2515.o
MCP2515_ReadBuffer                                bin/mcp2515.o
MCP2515_Reset                                     bin/mcp2515.o
MCP2515_SendBuffer                                bin/mcp2515.o
MCP2515_SetBitRate                                bin/mcp2515.o
MCP2515_Write                                     bin/mcp2515.o
NMI_Handler                                       bin/startup_LPC11xx.o
OscRateIn                                         bin/board.o
                                                  bin/clock_11xx.o
PIOINT0_IRQHandler                                bin/startup_LPC11xx.o
PIOINT1_IRQHandler                                bin/startup_LPC11xx.o
PIOINT2_IRQHandler                                bin/startup_LPC11xx.o
PIOINT3_IRQHandler                                bin/startup_LPC11xx.o
PendSV_Handler                                    bin/startup_LPC11xx.o
Reset_Handler                                     bin/startup_LPC11xx.o
RingBuffer_Init                                   bin/ring_buffer.o
                                                  bin/main.o
RingBuffer_Insert                                 bin/ring_buffer.o
                                                  bin/main.o
                                                  bin/uart_11xx.o
RingBuffer_InsertMult                             bin/ring_buffer.o
                                                  bin/uart_11xx.o
RingBuffer_Pop                                    bin/ring_buffer.o
                                                  bin/main.o
                                                  bin/uart_11xx.o
RingBuffer_PopMult                                bin/ring_buffer.o
                                                  bin/uart_11xx.o
SSP0_IRQHandler                                   bin/startup_LPC11xx.o
SSP1_IRQHandler                                   bin/startup_LPC11xx.o
SVC_Handler                                       bin/startup_LPC11xx.o
SysTick_Handler                                   bin/board.o
                                                  bin/startup_LPC11xx.o
SystemCoreClock                                   bin/sysinit.o
                                                  bin/chip_11xx.o
                                                  bin/main.o
                                                  bin/board.o
SystemCoreClockUpdate                             bin/chip_11xx.o
                                                  bin/board.o
SystemInit                                        bin/sysinit.o
                                                  bin/startup_LPC11xx.o
TIMER16_0_IRQHandler                              bin/startup_LPC11xx.o
TIMER16_1_IRQHandler                              bin/startup_LPC11xx.o
TIMER32_0_IRQHandler                              bin/main.o
                                                  bin/startup_LPC11xx.o
TIMER32_1_IRQHandler                              bin/startup_LPC11xx.o
UART_IRQHandler                                   bin/startup_LPC11xx.o
WAKEUP_IRQHandler                                 bin/startup_LPC11xx.o
WDT_IRQHandler                                    bin/startup_LPC11xx.o
__HeapBase                                        bin/startup_LPC11xx.o
__HeapLimit                                       bin/startup_LPC11xx.o
__StackLimit                                      bin/startup_LPC11xx.o
__StackTop                                        bin/startup_LPC11xx.o
__aeabi_cdcmpeq                                   /usr/bin/../lib/gcc/arm-none-eabi/4.9.3/armv6-m/libgcc.a(_arm_cmpdf2.o)
__aeabi_cdcmple                                   /usr/bin/../lib/gcc/arm-none-eabi/4.9.3/armv6-m/libgcc.a(_arm_cmpdf2.o)
__aeabi_cdrcmple                                  /usr/bin/../lib/gcc/arm-none-eabi/4.9.3/armv6-m/libgcc.a(_arm_cmpdf2.o)
__aeabi_d2iz                                      /usr/bin/../lib/gcc/arm-none-eabi/4.9.3/armv6-m/libgcc.a(fixdfsi.o)
                                                  /usr/bin/../lib/gcc/arm-none-eabi/4.9.3/armv6-m/libgcc.a(_fixunsdfsi.o)
__aeabi_d2uiz                                     /usr/bin/../lib/gcc/arm-none-eabi/4.9.3/armv6-m/libgcc.a(_fixunsdfsi.o)
                                                  bin/mcp2515.o
__aeabi_dcmpeq                                    /usr/bin/../lib/gcc/arm-none-eabi/4.9.3/armv6-m/libgcc.a(_arm_cmpdf2.o)
__aeabi_dcmpge                                    /usr/bin/../lib/gcc/arm-none-eabi/4.9.3/armv6-m/libgcc.a(_arm_cmpdf2.o)
                                                  /usr/bin/../lib/gcc/arm-none-eabi/4.9.3/armv6-m/libgcc.a(_fixunsdfsi.o)
__aeabi_dcmpgt                                    /usr/bin/../lib/gcc/arm-none-eabi/4.9.3/armv6-m/libgcc.a(_arm_cmpdf2.o)
__aeabi_dcmple                                    /usr/bin/../lib/gcc/arm-none-eabi/4.9.3/armv6-m/libgcc.a(_arm_cmpdf2.o)
__aeabi_dcmplt                                    /usr/bin/../lib/gcc/arm-none-eabi/4.9.3/armv6-m/libgcc.a(_arm_cmpdf2.o)
__aeabi_dmul                                      /usr/bin/../lib/gcc/arm-none-eabi/4.9.3/armv6-m/libgcc.a(muldf3.o)
                                                  bin/mcp2515.o
__aeabi_dsub                                      /usr/bin/../lib/gcc/arm-none-eabi/4.9.3/armv6-m/libgcc.a(subdf3.o)
                                                  /usr/bin/../lib/gcc/arm-none-eabi/4.9.3/armv6-m/libgcc.a(_fixunsdfsi.o)
__aeabi_i2d                                       /usr/bin/../lib/gcc/arm-none-eabi/4.9.3/armv6-m/libgcc.a(floatsidf.o)
                                                  bin/mcp2515.o
__aeabi_idiv                                      /usr/bin/../lib/gcc/arm-none-eabi/4.9.3/armv6-m/libgcc.a(_divsi3.o)
                                                  bin/util.o
__aeabi_idiv0                                     /usr/bin/../lib/gcc/arm-none-eabi/4.9.3/armv6-m/libgcc.a(_dvmd_tls.o)
                                                  /usr/bin/../lib/gcc/arm-none-eabi/4.9.3/armv6-m/libgcc.a(_divsi3.o)
                                                  /usr/bin/../lib/gcc/arm-none-eabi/4.9.3/armv6-m/libgcc.a(_udivsi3.o)
__aeabi_idivmod                                   /usr/bin/../lib/gcc/arm-none-eabi/4.9.3/armv6-m/libgcc.a(_divsi3.o)
                                                  bin/util.o
__aeabi_ldiv0                                     /usr/bin/../lib/gcc/arm-none-eabi/4.9.3/armv6-m/libgcc.a(_dvmd_tls.o)
                                                  /usr/bin/../lib/gcc/arm-none-eabi/4.9.3/armv6-m/libgcc.a(_aeabi_uldivmod.o)
__aeabi_lmul                                      /usr/bin/../lib/gcc/arm-none-eabi/4.9.3/armv6-m/libgcc.a(_muldi3.o)
                                                  /usr/bin/../lib/gcc/arm-none-eabi/4.9.3/armv6-m/libgcc.a(bpabi.o)
__aeabi_uidiv                                     /usr/bin/../lib/gcc/arm-none-eabi/4.9.3/armv6-m/libgcc.a(_udivsi3.o)
                                                  bin/main.o
                                                  bin/board.o
                                                  bin/mcp2515.o
                                                  bin/brusa.o
                                                  bin/uart_11xx.o
                                                  bin/ssp_11xx.o
                                                  bin/i2c_11xx.o
                                                  bin/clock_11xx.o
                                                  bin/adc_11xx.o
__aeabi_uidivmod                                  /usr/bin/../lib/gcc/arm-none-eabi/4.9.3/armv6-m/libgcc.a(_udivsi3.o)
                                                  bin/main.o
                                                  bin/uart_11xx.o
__aeabi_uldivmod                                  /usr/bin/../lib/gcc/arm-none-eabi/4.9.3/armv6-m/libgcc.a(_aeabi_uldivmod.o)
                                                  bin/mcp2515.o
__clzdi2                                          /usr/bin/../lib/gcc/arm-none-eabi/4.9.3/armv6-m/libgcc.a(_clzdi2.o)
                                                  /usr/bin/../lib/gcc/arm-none-eabi/4.9.3/armv6-m/libgcc.a(_udivdi3.o)
                                                  /usr/bin/../lib/gcc/arm-none-eabi/4.9.3/armv6-m/libgcc.a(_divdi3.o)
__clzsi2                                          /usr/bin/../lib/gcc/arm-none-eabi/4.9.3/armv6-m/libgcc.a(_clzsi2.o)
                                                  /usr/bin/../lib/gcc/arm-none-eabi/4.9.3/armv6-m/libgcc.a(_clzdi2.o)
                                                  /usr/bin/../lib/gcc/arm-none-eabi/4.9.3/armv6-m/libgcc.a(floatsidf.o)
                                                  /usr/bin/../lib/gcc/arm-none-eabi/4.9.3/armv6-m/libgcc.a(subdf3.o)
                                                  /usr/bin/../lib/gcc/arm-none-eabi/4.9.3/armv6-m/libgcc.a(muldf3.o)
__divdi3                                          /usr/bin/../lib/gcc/arm-none-eabi/4.9.3/armv6-m/libgcc.a(_divdi3.o)
                                                  /usr/bin/../lib/gcc/arm-none-eabi/4.9.3/armv6-m/libgcc.a(bpabi.o)
__divsi3                                          /usr/bin/../lib/gcc/arm-none-eabi/4.9.3/armv6-m/libgcc.a(_divsi3.o)
__eqdf2                                           /usr/bin/../lib/gcc/arm-none-eabi/4.9.3/armv6-m/libgcc.a(eqdf2.o)
                                                  /usr/bin/../lib/gcc/arm-none-eabi/4.9.3/armv6-m/libgcc.a(_arm_cmpdf2.o)
__fixunsdfsi                                      /usr/bin/../lib/gcc/arm-none-eabi/4.9.3/armv6-m/libgcc.a(_fixunsdfsi.o)
__gedf2                                           /usr/bin/../lib/gcc/arm-none-eabi/4.9.3/armv6-m/libgcc.a(gedf2.o)
                                                  /usr/bin/../lib/gcc/arm-none-eabi/4.9.3/armv6-m/libgcc.a(_arm_cmpdf2.o)
__gnu_ldivmod_helper                              /usr/bin/../lib/gcc/arm-none-eabi/4.9.3/armv6-m/libgcc.a(bpabi.o)
__gnu_uldivmod_helper                             /usr/bin/../lib/gcc/arm-none-eabi/4.9.3/armv6-m/libgcc.a(bpabi.o)
                                                  /usr/bin/../lib/gcc/arm-none-eabi/4.9.3/armv6-m/libgcc.a(_aeabi_uldivmod.o)
__gtdf2                                           /usr/bin/../lib/gcc/arm-none-eabi/4.9.3/armv6-m/libgcc.a(gedf2.o)
__isr_vector                                      bin/startup_LPC11xx.o
__ledf2                                           /usr/bin/../lib/gcc/arm-none-eabi/4.9.3/armv6-m/libgcc.a(ledf2.o)
                                                  /usr/bin/../lib/gcc/arm-none-eabi/4.9.3/armv6-m/libgcc.a(_arm_cmpdf2.o)
__ltdf2                                           /usr/bin/../lib/gcc/arm-none-eabi/4.9.3/armv6-m/libgcc.a(ledf2.o)
__muldi3                                          /usr/bin/../lib/gcc/arm-none-eabi/4.9.3/armv6-m/libgcc.a(_muldi3.o)
__nedf2                                           /usr/bin/../lib/gcc/arm-none-eabi/4.9.3/armv6-m/libgcc.a(eqdf2.o)
__reverse                                         bin/util.o
__udivdi3                                         /usr/bin/../lib/gcc/arm-none-eabi/4.9.3/armv6-m/libgcc.a(_udivdi3.o)
                                                  /usr/bin/../lib/gcc/arm-none-eabi/4.9.3/armv6-m/libgcc.a(bpabi.o)
__udivsi3                                         /usr/bin/../lib/gcc/arm-none-eabi/4.9.3/armv6-m/libgcc.a(_udivsi3.o)
_cs_gpio                                          bin/mcp2515.o
_cs_pin                                           bin/mcp2515.o
_delay                                            bin/main.o
_int_gpio                                         bin/mcp2515.o
_int_pin                                          bin/mcp2515.o
getIDFromBytes                                    bin/util.o
                                                  bin/mcp2515.o
getSlaveIndex                                     bin/i2c_11xx.o
handleMasterXferState                             bin/i2c_11xx.o
handleSlaveXferState                              bin/i2c_11xx.o
itoa                                              bin/util.o
                                                  bin/main.o
                                                  bin/board.o
main                                              bin/main.o
                                                  bin/startup_LPC11xx.o
memcpy                                            /usr/bin/../lib/gcc/arm-none-eabi/4.9.3/../../../../arm-none-eabi/lib/armv6-m/libg.a(lib_a-memcpy.o)
                                                  bin/ring_buffer.o
msTicks                                           bin/main.o
                                                  bin/board.o
readAdcVal                                        bin/adc_11xx.o
setStartMode                                      bin/adc_11xx.o
strlen                                            /usr/bin/../lib/gcc/arm-none-eabi/4.9.3/../../../../arm-none-eabi/lib/armv6-m/libg.a(lib_a-strlen.o)
                                                  bin/board.o
uint16ToASCIIHex                                  bin/util.o
uint32ToASCIIHex                                  bin/util.o
uint8ToASCIIHex                                   bin/util.o
