Archive member included because of file (symbol)

/usr/bin/../lib/gcc/arm-none-eabi/4.9.3/armv6-m/libgcc.a(_udivsi3.o)
                              bin/adc_11xx.o (__aeabi_uidiv)
/usr/bin/../lib/gcc/arm-none-eabi/4.9.3/armv6-m/libgcc.a(_dvmd_tls.o)
                              /usr/bin/../lib/gcc/arm-none-eabi/4.9.3/armv6-m/libgcc.a(_udivsi3.o) (__aeabi_idiv0)
/usr/bin/../lib/gcc/arm-none-eabi/4.9.3/armv6-m/libgcc.a(_aeabi_uldivmod.o)
                              bin/mcp2515.o (__aeabi_uldivmod)
/usr/bin/../lib/gcc/arm-none-eabi/4.9.3/armv6-m/libgcc.a(_fixunsdfsi.o)
                              bin/mcp2515.o (__aeabi_d2uiz)
/usr/bin/../lib/gcc/arm-none-eabi/4.9.3/armv6-m/libgcc.a(bpabi.o)
                              /usr/bin/../lib/gcc/arm-none-eabi/4.9.3/armv6-m/libgcc.a(_aeabi_uldivmod.o) (__gnu_uldivmod_helper)
/usr/bin/../lib/gcc/arm-none-eabi/4.9.3/armv6-m/libgcc.a(muldf3.o)
                              bin/mcp2515.o (__aeabi_dmul)
/usr/bin/../lib/gcc/arm-none-eabi/4.9.3/armv6-m/libgcc.a(subdf3.o)
                              /usr/bin/../lib/gcc/arm-none-eabi/4.9.3/armv6-m/libgcc.a(_fixunsdfsi.o) (__aeabi_dsub)
/usr/bin/../lib/gcc/arm-none-eabi/4.9.3/armv6-m/libgcc.a(fixdfsi.o)
                              /usr/bin/../lib/gcc/arm-none-eabi/4.9.3/armv6-m/libgcc.a(_fixunsdfsi.o) (__aeabi_d2iz)
/usr/bin/../lib/gcc/arm-none-eabi/4.9.3/armv6-m/libgcc.a(floatsidf.o)
                              bin/mcp2515.o (__aeabi_i2d)
/usr/bin/../lib/gcc/arm-none-eabi/4.9.3/armv6-m/libgcc.a(_arm_cmpdf2.o)
                              /usr/bin/../lib/gcc/arm-none-eabi/4.9.3/armv6-m/libgcc.a(_fixunsdfsi.o) (__aeabi_dcmpge)
/usr/bin/../lib/gcc/arm-none-eabi/4.9.3/armv6-m/libgcc.a(_clzsi2.o)
                              /usr/bin/../lib/gcc/arm-none-eabi/4.9.3/armv6-m/libgcc.a(muldf3.o) (__clzsi2)
/usr/bin/../lib/gcc/arm-none-eabi/4.9.3/armv6-m/libgcc.a(_muldi3.o)
                              /usr/bin/../lib/gcc/arm-none-eabi/4.9.3/armv6-m/libgcc.a(bpabi.o) (__aeabi_lmul)
/usr/bin/../lib/gcc/arm-none-eabi/4.9.3/armv6-m/libgcc.a(_divdi3.o)
                              /usr/bin/../lib/gcc/arm-none-eabi/4.9.3/armv6-m/libgcc.a(bpabi.o) (__divdi3)
/usr/bin/../lib/gcc/arm-none-eabi/4.9.3/armv6-m/libgcc.a(_udivdi3.o)
                              /usr/bin/../lib/gcc/arm-none-eabi/4.9.3/armv6-m/libgcc.a(bpabi.o) (__udivdi3)
/usr/bin/../lib/gcc/arm-none-eabi/4.9.3/armv6-m/libgcc.a(eqdf2.o)
                              /usr/bin/../lib/gcc/arm-none-eabi/4.9.3/armv6-m/libgcc.a(_arm_cmpdf2.o) (__eqdf2)
/usr/bin/../lib/gcc/arm-none-eabi/4.9.3/armv6-m/libgcc.a(gedf2.o)
                              /usr/bin/../lib/gcc/arm-none-eabi/4.9.3/armv6-m/libgcc.a(_arm_cmpdf2.o) (__gedf2)
/usr/bin/../lib/gcc/arm-none-eabi/4.9.3/armv6-m/libgcc.a(ledf2.o)
                              /usr/bin/../lib/gcc/arm-none-eabi/4.9.3/armv6-m/libgcc.a(_arm_cmpdf2.o) (__ledf2)
/usr/bin/../lib/gcc/arm-none-eabi/4.9.3/armv6-m/libgcc.a(_clzdi2.o)
                              /usr/bin/../lib/gcc/arm-none-eabi/4.9.3/armv6-m/libgcc.a(_divdi3.o) (__clzdi2)
/usr/bin/../lib/gcc/arm-none-eabi/4.9.3/../../../../arm-none-eabi/lib/armv6-m/libg.a(lib_a-itoa.o)
                              bin/board.o (itoa)
/usr/bin/../lib/gcc/arm-none-eabi/4.9.3/../../../../arm-none-eabi/lib/armv6-m/libg.a(lib_a-memcpy.o)
                              bin/ring_buffer.o (memcpy)
/usr/bin/../lib/gcc/arm-none-eabi/4.9.3/../../../../arm-none-eabi/lib/armv6-m/libg.a(lib_a-strlen.o)
                              bin/board.o (strlen)
/usr/bin/../lib/gcc/arm-none-eabi/4.9.3/../../../../arm-none-eabi/lib/armv6-m/libg.a(lib_a-utoa.o)
                              /usr/bin/../lib/gcc/arm-none-eabi/4.9.3/../../../../arm-none-eabi/lib/armv6-m/libg.a(lib_a-itoa.o) (__utoa)

Allocating common symbols
Common symbol       size              file

_int_pin            0x1               bin/mcp2515.o
_baud               0x4               bin/lc1024.o
_cs_pin             0x1               bin/lc1024.o
msTicks             0x4               bin/board.o
_int_gpio           0x1               bin/mcp2515.o
_cs_gpio            0x1               bin/lc1024.o

Discarded input sections

 .data          0x00000000        0x0 bin/startup_LPC11xx.o
 .bss           0x00000000        0x0 bin/startup_LPC11xx.o
 .ARM.extab.isr_vector
                0x00000000        0x0 bin/startup_LPC11xx.o
 .group         0x00000000        0x8 bin/adc_1125.o
 .group         0x00000000        0x8 bin/adc_1125.o
 .group         0x00000000        0x8 bin/adc_1125.o
 .group         0x00000000        0x8 bin/adc_1125.o
 .group         0x00000000        0x8 bin/adc_1125.o
 .group         0x00000000        0x8 bin/adc_1125.o
 .group         0x00000000        0x8 bin/adc_1125.o
 .group         0x00000000        0x8 bin/adc_1125.o
 .group         0x00000000        0x8 bin/adc_1125.o
 .group         0x00000000        0x8 bin/adc_1125.o
 .group         0x00000000        0x8 bin/adc_1125.o
[...]
Memory Configuration

Name             Origin             Length             Attributes
FLASH            0x00000000         0x00008000         xr
RAM              0x10000100         0x00001f00         xrw
*default*        0x00000000         0xffffffff

Linker script and memory map

LOAD bin/startup_LPC11xx.o
LOAD bin/adc_1125.o
LOAD bin/adc_11xx.o
LOAD bin/chip_11xx.o
LOAD bin/clock_11xx.o
LOAD bin/gpio_11xx_1.o
LOAD bin/gpio_11xx_2.o
LOAD bin/gpiogroup_11xx.o
LOAD bin/i2c_11xx.o
LOAD bin/iocon_11xx.o
LOAD bin/pinint_11xx.o
LOAD bin/pmu_11xx.o
LOAD bin/ring_buffer.o
LOAD bin/ssp_11xx.o
LOAD bin/sysctl_11xx.o
LOAD bin/sysinit_11xx.o
LOAD bin/timer_11xx.o
LOAD bin/uart_11xx.o
LOAD bin/wwdt_11xx.o
LOAD bin/a123mbb.o
LOAD bin/brusa.o
LOAD bin/lc1024.o
LOAD bin/ltc6804.o
LOAD bin/mcp2515.o
LOAD bin/util.o
LOAD bin/board.o
LOAD bin/main.o
LOAD bin/sysinit.o
LOAD /usr/bin/../lib/gcc/arm-none-eabi/4.9.3/../../../../arm-none-eabi/lib/armv6-m/libstdc++.a
LOAD /usr/bin/../lib/gcc/arm-none-eabi/4.9.3/../../../../arm-none-eabi/lib/armv6-m/libm.a
START GROUP
LOAD /usr/bin/../lib/gcc/arm-none-eabi/4.9.3/armv6-m/libgcc.a
LOAD /usr/bin/../lib/gcc/arm-none-eabi/4.9.3/../../../../arm-none-eabi/lib/armv6-m/libg.a
LOAD /usr/bin/../lib/gcc/arm-none-eabi/4.9.3/../../../../arm-none-eabi/lib/armv6-m/libc.a
END GROUP

.text           0x00000000      0xb4c
 *(.isr_vector)
 .isr_vector    0x00000000       0xd0 bin/startup_LPC11xx.o
                0x00000000                __isr_vector
                0x000000c0                Reset_Handler
 *(.text*)
 .text          0x000000d0        0xc bin/startup_LPC11xx.o
                0x000000d0                NMI_Handler
                0x000000d2                HardFault_Handler
                0x000000d4                SVC_Handler
                0x000000d6                PendSV_Handler
                0x000000da                TIMER16_0_IRQHandler
                0x000000da                UART_IRQHandler
                0x000000da                TIMER32_1_IRQHandler
                0x000000da                PIOINT1_IRQHandler
                0x000000da                SSP0_IRQHandler
                0x000000da                TIMER16_1_IRQHandler
                0x000000da                Default_Handler
                0x000000da                ADC_IRQHandler
                0x000000da                SSP1_IRQHandler
                0x000000da                PIOINT2_IRQHandler
                0x000000da                BOD_IRQHandler
                0x000000da                WAKEUP_IRQHandler
                0x000000da                PIOINT0_IRQHandler
                0x000000da                I2C_IRQHandler
                0x000000da                WDT_IRQHandler
                0x000000da                PIOINT3_IRQHandler
 .text.SystemCoreClockUpdate
                0x000000dc       0x10 bin/chip_11xx.o
                0x000000dc                SystemCoreClockUpdate
 .text.Chip_Clock_GetWDTOSCRate
                0x000000ec       0x28 bin/clock_11xx.o
                0x000000ec                Chip_Clock_GetWDTOSCRate
 .text.Chip_Clock_GetSystemPLLInClockRate
                0x00000114       0x28 bin/clock_11xx.o
                0x00000114                Chip_Clock_GetSystemPLLInClockRate
 .text.Chip_Clock_GetSystemPLLOutClockRate
                0x0000013c       0x18 bin/clock_11xx.o
                0x0000013c                Chip_Clock_GetSystemPLLOutClockRate
 .text.Chip_Clock_GetMainClockRate
                0x00000154       0x34 bin/clock_11xx.o
                0x00000154                Chip_Clock_GetMainClockRate
 .text.Chip_Clock_GetSystemClockRate
                0x00000188       0x14 bin/clock_11xx.o
                0x00000188                Chip_Clock_GetSystemClockRate
 .text.Chip_GPIO_Init
                0x0000019c       0x10 bin/gpio_11xx_2.o
                0x0000019c                Chip_GPIO_Init
 .text.Chip_GPIO_WriteDirBit
                0x000001ac       0x28 bin/gpio_11xx_2.o
                0x000001ac                Chip_GPIO_WriteDirBit
 .text.RingBuffer_Init
                0x000001d4       0x10 bin/ring_buffer.o
                0x000001d4                RingBuffer_Init
 .text.RingBuffer_Insert
                0x000001e4       0x34 bin/ring_buffer.o
                0x000001e4                RingBuffer_Insert
 .text.Chip_TIMER_Init
                0x00000218       0x3c bin/timer_11xx.o
                0x00000218                Chip_TIMER_Init
 .text.Chip_TIMER_Reset
                0x00000254       0x18 bin/timer_11xx.o
                0x00000254                Chip_TIMER_Reset
 .text.Chip_UART_Init
                0x0000026c       0x28 bin/uart_11xx.o
                0x0000026c                Chip_UART_Init
 .text.Chip_UART_Send
                0x00000294       0x1a bin/uart_11xx.o
                0x00000294                Chip_UART_Send
 .text.Chip_UART_SendBlocking
                0x000002ae       0x24 bin/uart_11xx.o
                0x000002ae                Chip_UART_SendBlocking
 .text.Chip_UART_SetBaud
                0x000002d2       0x38 bin/uart_11xx.o
                0x000002d2                Chip_UART_SetBaud
 *fill*         0x0000030a        0x2 
 .text.SysTick_Handler
                0x0000030c       0x10 bin/board.o
                0x0000030c                SysTick_Handler
 .text.CAN_IRQHandler
                0x0000031c       0x14 bin/board.o
                0x0000031c                CAN_IRQHandler
 .text.Board_SysTick_Init
                0x00000330       0x48 bin/board.o
                0x00000330                Board_SysTick_Init
 .text.Board_LEDs_Init
                0x00000378       0x1a bin/board.o
                0x00000378                Board_LEDs_Init
 *fill*         0x00000392        0x2 
 .text.Board_UART_Init
                0x00000394       0x38 bin/board.o
                0x00000394                Board_UART_Init
 .text.Board_UART_Print
                0x000003cc       0x18 bin/board.o
                0x000003cc                Board_UART_Print
 .text.Board_UART_Println
                0x000003e4       0x14 bin/board.o
                0x000003e4                Board_UART_Println
 .text.CAN_baudrate_calculate
                0x000003f8       0x7c bin/board.o
                0x000003f8                CAN_baudrate_calculate
 .text.Board_CAN_Init
                0x00000474       0x48 bin/board.o
                0x00000474                Board_CAN_Init
 .text.Board_Setup_Timers
                0x000004bc       0x84 bin/board.o
                0x000004bc                Board_Setup_Timers
 .text.Board_Timer0_Reset_Clear
                0x00000540       0x14 bin/board.o
                0x00000540                Board_Timer0_Reset_Clear
 .text.Board_Timer0_ReadCapture
                0x00000554        0xc bin/board.o
                0x00000554                Board_Timer0_ReadCapture
 .text.CAN_tx   0x00000560        0x2 bin/main.o
                0x00000560                CAN_tx
 *fill*         0x00000562        0x2 
 .text.CAN_error
                0x00000564       0x14 bin/main.o
                0x00000564                CAN_error
 .text.CAN_rx   0x00000578       0x30 bin/main.o
                0x00000578                CAN_rx
 .text.TIMER32_0_IRQHandler
                0x000005a8       0x30 bin/main.o
                0x000005a8                TIMER32_0_IRQHandler
 .text.startup.main
                0x000005d8      0x158 bin/main.o
                0x000005d8                main
 .text.SystemInit
                0x00000730       0x8c bin/sysinit.o
                0x00000730                SystemInit
 .text          0x000007bc      0x120 /usr/bin/../lib/gcc/arm-none-eabi/4.9.3/armv6-m/libgcc.a(_udivsi3.o)
                0x000007bc                __udivsi3
                0x000007bc                __aeabi_uidiv
                0x000008c8                __aeabi_uidivmod
 .text          0x000008dc        0x4 /usr/bin/../lib/gcc/arm-none-eabi/4.9.3/armv6-m/libgcc.a(_dvmd_tls.o)
                0x000008dc                __aeabi_ldiv0
                0x000008dc                __aeabi_idiv0
 .text.__itoa   0x000008e0       0x30 /usr/bin/../lib/gcc/arm-none-eabi/4.9.3/../../../../arm-none-eabi/lib/armv6-m/libg.a(lib_a-itoa.o)
                0x000008e0                __itoa
 .text.itoa     0x00000910        0x8 /usr/bin/../lib/gcc/arm-none-eabi/4.9.3/../../../../arm-none-eabi/lib/armv6-m/libg.a(lib_a-itoa.o)
                0x00000910                itoa
 .text.memcpy   0x00000918       0x7c /usr/bin/../lib/gcc/arm-none-eabi/4.9.3/../../../../arm-none-eabi/lib/armv6-m/libg.a(lib_a-memcpy.o)
                0x00000918                memcpy
 .text.strlen   0x00000994       0x68 /usr/bin/../lib/gcc/arm-none-eabi/4.9.3/../../../../arm-none-eabi/lib/armv6-m/libg.a(lib_a-strlen.o)
                0x00000994                strlen
 .text.__utoa   0x000009fc       0x8c /usr/bin/../lib/gcc/arm-none-eabi/4.9.3/../../../../arm-none-eabi/lib/armv6-m/libg.a(lib_a-utoa.o)
                0x000009fc                __utoa
 *(.init)
 *(.fini)
 *crtbegin.o(.ctors)
 *crtbegin?.o(.ctors)
 *(EXCLUDE_FILE(*crtend.o *crtend?.o) .ctors)
 *(SORT(.ctors.*))
 *(.ctors)
 *crtbegin.o(.dtors)
 *crtbegin?.o(.dtors)
 *(EXCLUDE_FILE(*crtend.o *crtend?.o) .dtors)
 *(SORT(.dtors.*))
 *(.dtors)
 *(.rodata*)
 .rodata.wdtOSCRate
                0x00000a88       0x40 bin/clock_11xx.o
 .rodata.OscRateIn
                0x00000ac8        0x4 bin/board.o
                0x00000ac8                OscRateIn
 .rodata.str1.1
                0x00000acc        0x3 bin/board.o
 .rodata.str1.1
                0x00000acf       0x52 bin/main.o
 *fill*         0x00000b21        0x3 
 .rodata.str1.4
                0x00000b24       0x28 /usr/bin/../lib/gcc/arm-none-eabi/4.9.3/../../../../arm-none-eabi/lib/armv6-m/libg.a(lib_a-utoa.o)
                                 0x25 (size before relaxing)
 *(.eh_frame*)

.glue_7         0x00000b4c        0x0
 .glue_7        0x00000000        0x0 linker stubs

.glue_7t        0x00000b4c        0x0
 .glue_7t       0x00000000        0x0 linker stubs

.vfp11_veneer   0x00000b4c        0x0
 .vfp11_veneer  0x00000000        0x0 linker stubs

.v4_bx          0x00000b4c        0x0
 .v4_bx         0x00000000        0x0 linker stubs

.iplt           0x00000b4c        0x0
 .iplt          0x00000000        0x0 bin/startup_LPC11xx.o

.ARM.extab
 *(.ARM.extab* .gnu.linkonce.armextab.*)
                0x00000b4c                __exidx_start = .

.ARM.exidx      0x00000b4c        0x8
 *(.ARM.exidx* .gnu.linkonce.armexidx.*)
 .ARM.exidx.isr_vector
                0x00000b4c        0x8 bin/startup_LPC11xx.o
                0x00000b54                __exidx_end = .
                0x00000b54                __etext = .

.rel.dyn        0x00000b54        0x0
 .rel.iplt      0x00000000        0x0 bin/startup_LPC11xx.o

.data           0x10000100        0x4 load address 0x00000b54
                0x10000100                __data_start__ = .
 *(vtable)
 *(.data*)
 .data.SystemCoreClock
                0x10000100        0x4 bin/sysinit.o
                0x10000100                SystemCoreClock
                0x10000104                . = ALIGN (0x4)
                0x10000104                PROVIDE (__preinit_array_start, .)
 *(.preinit_array)
                0x10000104                PROVIDE (__preinit_array_end, .)
                0x10000104                . = ALIGN (0x4)
                0x10000104                PROVIDE (__init_array_start, .)
 *(SORT(.init_array.*))
 *(.init_array)
                0x10000104                PROVIDE (__init_array_end, .)
                0x10000104                . = ALIGN (0x4)
                0x10000104                PROVIDE (__fini_array_start, .)
 *(SORT(.fini_array.*))
 *(.fini_array)
                0x10000104                PROVIDE (__fini_array_end, .)
 *(.jcr*)
                0x10000104                . = ALIGN (0x4)
                0x10000104                __data_end__ = .

.igot.plt       0x10000104        0x0 load address 0x00000b58
 .igot.plt      0x00000000        0x0 bin/startup_LPC11xx.o

.bss            0x10000108      0x180 load address 0x00000b60
                0x10000108                . = ALIGN (0x4)
                0x10000108                __bss_start__ = .
 *(.bss*)
 .bss.str       0x10000108       0x64 bin/main.o
 .bss.lastPrint
                0x1000016c        0x4 bin/main.o
 .bss.rpm_str   0x10000170       0x17 bin/main.o
 *fill*         0x10000187        0x1 
 .bss.rpm_ticks
                0x10000188        0x4 bin/main.o
 .bss.can_error_info
                0x1000018c        0x4 bin/main.o
 .bss.curr_rpm  0x10000190        0x2 bin/main.o
 .bss.can_error_flag
                0x10000192        0x1 bin/main.o
 *fill*         0x10000193        0x1 
 .bss.can_rx_buffer
                0x10000194       0x14 bin/main.o
 .bss.msg_obj   0x100001a8       0x18 bin/main.o
 .bss._rx_buffer
                0x100001c0       0xc0 bin/main.o
 .bss.rpm_count
                0x10000280        0x4 bin/main.o
 *(COMMON)
 COMMON         0x10000284        0x4 bin/board.o
                0x10000284                msTicks
                0x10000288                . = ALIGN (0x4)
                0x10000288                __bss_end__ = .

.heap           0x10000288     0x1000
                0x10000288                __end__ = .
                0x10000288                PROVIDE (end, .)
 *(.heap*)
 .heap          0x10000288     0x1000 bin/startup_LPC11xx.o
                0x10000288                __HeapBase
                0x10001288                __HeapLimit = .

.stack_dummy    0x10000288      0x200
 *(.stack*)
 .stack         0x10000288      0x200 bin/startup_LPC11xx.o
                0x10002000                __StackTop = (ORIGIN (RAM) + 0x1f00)
                0x10001e00                __StackLimit = (__StackTop - SIZEOF (.stack_dummy))
                0x10002000                PROVIDE (__stack, __StackTop)
                0x00000001                ASSERT ((__StackLimit >= __HeapLimit), region RAM overflowed with stack)
OUTPUT(bin/BCM.elf elf32-littlearm)

.ARM.attributes
                0x00000000       0x2d
 .ARM.attributes
                0x00000000       0x21 bin/startup_LPC11xx.o
 .ARM.attributes
                0x00000021       0x31 bin/chip_11xx.o
 .ARM.attributes
                0x00000052       0x31 bin/clock_11xx.o
 .ARM.attributes
                0x00000083       0x31 bin/gpio_11xx_2.o
 .ARM.attributes
                0x000000b4       0x31 bin/ring_buffer.o
 .ARM.attributes
                0x000000e5       0x31 bin/timer_11xx.o
 .ARM.attributes
                0x00000116       0x31 bin/uart_11xx.o
 .ARM.attributes
                0x00000147       0x31 bin/board.o
 .ARM.attributes
                0x00000178       0x31 bin/main.o
 .ARM.attributes
                0x000001a9       0x31 bin/sysinit.o
 .ARM.attributes
                0x000001da       0x1e /usr/bin/../lib/gcc/arm-none-eabi/4.9.3/armv6-m/libgcc.a(_udivsi3.o)
 .ARM.attributes
                0x000001f8       0x1e /usr/bin/../lib/gcc/arm-none-eabi/4.9.3/armv6-m/libgcc.a(_dvmd_tls.o)
 .ARM.attributes
                0x00000216       0x2c /usr/bin/../lib/gcc/arm-none-eabi/4.9.3/../../../../arm-none-eabi/lib/armv6-m/libg.a(lib_a-itoa.o)
 .ARM.attributes
                0x00000242       0x2c /usr/bin/../lib/gcc/arm-none-eabi/4.9.3/../../../../arm-none-eabi/lib/armv6-m/libg.a(lib_a-memcpy.o)
 .ARM.attributes
                0x0000026e       0x2c /usr/bin/../lib/gcc/arm-none-eabi/4.9.3/../../../../arm-none-eabi/lib/armv6-m/libg.a(lib_a-strlen.o)
 .ARM.attributes
                0x0000029a       0x2c /usr/bin/../lib/gcc/arm-none-eabi/4.9.3/../../../../arm-none-eabi/lib/armv6-m/libg.a(lib_a-utoa.o)

.comment        0x00000000       0x70
 .comment       0x00000000       0x70 bin/chip_11xx.o
                                 0x71 (size before relaxing)
 .comment       0x00000000       0x71 bin/clock_11xx.o
 .comment       0x00000000       0x71 bin/gpio_11xx_2.o
 .comment       0x00000000       0x71 bin/ring_buffer.o
 .comment       0x00000000       0x71 bin/timer_11xx.o
 .comment       0x00000000       0x71 bin/uart_11xx.o
 .comment       0x00000000       0x71 bin/board.o
 .comment       0x00000000       0x71 bin/main.o
 .comment       0x00000000       0x71 bin/sysinit.o

.debug_line     0x00000000     0x2422
 .debug_line    0x00000000       0x8c bin/startup_LPC11xx.o
 .debug_line    0x0000008c      0x2eb bin/chip_11xx.o
 .debug_line    0x00000377      0x3e4 bin/clock_11xx.o
 .debug_line    0x0000075b      0x3e9 bin/gpio_11xx_2.o
 .debug_line    0x00000b44      0x312 bin/ring_buffer.o
 .debug_line    0x00000e56      0x36f bin/timer_11xx.o
 .debug_line    0x000011c5      0x55e bin/uart_11xx.o
 .debug_line    0x00001723      0x5cd bin/board.o
 .debug_line    0x00001cf0      0x43a bin/main.o
 .debug_line    0x0000212a      0x2f8 bin/sysinit.o

.debug_info     0x00000000     0x6312
 .debug_info    0x00000000       0x97 bin/startup_LPC11xx.o
 .debug_info    0x00000097       0xe7 bin/chip_11xx.o
 .debug_info    0x0000017e      0x8fa bin/clock_11xx.o
 .debug_info    0x00000a78      0xc3d bin/gpio_11xx_2.o
 .debug_info    0x000016b5      0x4ba bin/ring_buffer.o
 .debug_info    0x00001b6f      0x858 bin/timer_11xx.o
 .debug_info    0x000023c7     0x123e bin/uart_11xx.o
 .debug_info    0x00003605     0x1be9 bin/board.o
 .debug_info    0x000051ee      0xbf2 bin/main.o
 .debug_info    0x00005de0      0x532 bin/sysinit.o

.debug_abbrev   0x00000000     0x1458
 .debug_abbrev  0x00000000       0x12 bin/startup_LPC11xx.o
 .debug_abbrev  0x00000012       0x9b bin/chip_11xx.o
 .debug_abbrev  0x000000ad      0x23f bin/clock_11xx.o
 .debug_abbrev  0x000002ec      0x1fb bin/gpio_11xx_2.o
 .debug_abbrev  0x000004e7      0x1a5 bin/ring_buffer.o
 .debug_abbrev  0x0000068c      0x1ec bin/timer_11xx.o
 .debug_abbrev  0x00000878      0x31d bin/uart_11xx.o
 .debug_abbrev  0x00000b95      0x4ac bin/board.o
 .debug_abbrev  0x00001041      0x329 bin/main.o
 .debug_abbrev  0x0000136a       0xee bin/sysinit.o

.debug_aranges  0x00000000      0x2f0
 .debug_aranges
                0x00000000       0x28 bin/startup_LPC11xx.o
 .debug_aranges
                0x00000028       0x20 bin/chip_11xx.o
 .debug_aranges
                0x00000048       0x68 bin/clock_11xx.o
 .debug_aranges
                0x000000b0       0x50 bin/gpio_11xx_2.o
 .debug_aranges
                0x00000100       0x40 bin/ring_buffer.o
 .debug_aranges
                0x00000140       0x38 bin/timer_11xx.o
 .debug_aranges
                0x00000178       0x80 bin/uart_11xx.o
 .debug_aranges
                0x000001f8       0x90 bin/board.o
 .debug_aranges
                0x00000288       0x48 bin/main.o
 .debug_aranges
                0x000002d0       0x20 bin/sysinit.o

.debug_ranges   0x00000000      0x570
 .debug_ranges  0x00000000       0x20 bin/startup_LPC11xx.o
 .debug_ranges  0x00000020       0x10 bin/chip_11xx.o
 .debug_ranges  0x00000030       0x58 bin/clock_11xx.o
 .debug_ranges  0x00000088       0xb8 bin/gpio_11xx_2.o
 .debug_ranges  0x00000140       0x60 bin/ring_buffer.o
 .debug_ranges  0x000001a0       0x58 bin/timer_11xx.o
 .debug_ranges  0x000001f8      0x1a8 bin/uart_11xx.o
 .debug_ranges  0x000003a0      0x170 bin/board.o
 .debug_ranges  0x00000510       0x50 bin/main.o
 .debug_ranges  0x00000560       0x10 bin/sysinit.o

.debug_macro    0x00000000     0x174d
 .debug_macro   0x00000000      0x160 bin/chip_11xx.o
 .debug_macro   0x00000160      0x160 bin/clock_11xx.o
 .debug_macro   0x000002c0      0x160 bin/gpio_11xx_2.o
 .debug_macro   0x00000420      0x129 bin/ring_buffer.o
 .debug_macro   0x00000549       0x58 bin/ring_buffer.o
 .debug_macro   0x000005a1       0x35 bin/ring_buffer.o
 .debug_macro   0x000005d6       0x9c bin/ring_buffer.o
 .debug_macro   0x00000672      0x166 bin/ring_buffer.o
 .debug_macro   0x000007d8       0x4a bin/ring_buffer.o
 .debug_macro   0x00000822       0x52 bin/ring_buffer.o
 .debug_macro   0x00000874       0x16 bin/ring_buffer.o
 .debug_macro   0x0000088a       0x43 bin/ring_buffer.o
 .debug_macro   0x000008cd      0x180 bin/ring_buffer.o
 .debug_macro   0x00000a4d      0x29d bin/ring_buffer.o
 .debug_macro   0x00000cea       0x10 bin/ring_buffer.o
 .debug_macro   0x00000cfa       0x35 bin/ring_buffer.o
 .debug_macro   0x00000d2f       0x66 bin/ring_buffer.o
 .debug_macro   0x00000d95       0x10 bin/ring_buffer.o
 .debug_macro   0x00000da5      0x160 bin/timer_11xx.o
 .debug_macro   0x00000f05      0x160 bin/uart_11xx.o
 .debug_macro   0x00001065      0x22b bin/board.o
 .debug_macro   0x00001290       0x64 bin/board.o
 .debug_macro   0x000012f4      0x243 bin/main.o
 .debug_macro   0x00001537      0x216 bin/sysinit.o

.debug_str      0x00000000     0xb6be
 .debug_str     0x00000000     0x7098 bin/chip_11xx.o
                               0x7265 (size before relaxing)
 .debug_str     0x00007098      0x7e7 bin/clock_11xx.o
                               0x7a0b (size before relaxing)
 .debug_str     0x0000787f      0x45c bin/gpio_11xx_2.o
                               0x78f3 (size before relaxing)
 .debug_str     0x00007cdb     0x25a8 bin/ring_buffer.o
                               0x5851 (size before relaxing)
 .debug_str     0x0000a283      0x180 bin/timer_11xx.o
                               0x77e5 (size before relaxing)
 .debug_str     0x0000a403      0x306 bin/uart_11xx.o
                               0x7a2f (size before relaxing)
 .debug_str     0x0000a709      0xbae bin/board.o
                               0xa8b7 (size before relaxing)
 .debug_str     0x0000b2b7      0x12c bin/main.o
                               0x9dbe (size before relaxing)
 .debug_str     0x0000b3e3      0x2db bin/sysinit.o
                               0x777a (size before relaxing)

.debug_frame    0x00000000      0x86c
 .debug_frame   0x00000000       0x2c bin/chip_11xx.o
 .debug_frame   0x0000002c       0xe0 bin/clock_11xx.o
 .debug_frame   0x0000010c       0xc4 bin/gpio_11xx_2.o
 .debug_frame   0x000001d0       0xc8 bin/ring_buffer.o
 .debug_frame   0x00000298       0x64 bin/timer_11xx.o
 .debug_frame   0x000002fc      0x1d0 bin/uart_11xx.o
 .debug_frame   0x000004cc      0x1c0 bin/board.o
 .debug_frame   0x0000068c       0xac bin/main.o
 .debug_frame   0x00000738       0x2c bin/sysinit.o
 .debug_frame   0x00000764       0x20 /usr/bin/../lib/gcc/arm-none-eabi/4.9.3/armv6-m/libgcc.a(_udivsi3.o)
 .debug_frame   0x00000784       0x40 /usr/bin/../lib/gcc/arm-none-eabi/4.9.3/../../../../arm-none-eabi/lib/armv6-m/libg.a(lib_a-itoa.o)
 .debug_frame   0x000007c4       0x2c /usr/bin/../lib/gcc/arm-none-eabi/4.9.3/../../../../arm-none-eabi/lib/armv6-m/libg.a(lib_a-memcpy.o)
 .debug_frame   0x000007f0       0x28 /usr/bin/../lib/gcc/arm-none-eabi/4.9.3/../../../../arm-none-eabi/lib/armv6-m/libg.a(lib_a-strlen.o)
 .debug_frame   0x00000818       0x54 /usr/bin/../lib/gcc/arm-none-eabi/4.9.3/../../../../arm-none-eabi/lib/armv6-m/libg.a(lib_a-utoa.o)

.debug_loc      0x00000000     0x1a78
 .debug_loc     0x00000000      0x16c bin/clock_11xx.o
 .debug_loc     0x0000016c      0x46f bin/gpio_11xx_2.o
 .debug_loc     0x000005db      0x4b4 bin/ring_buffer.o
 .debug_loc     0x00000a8f      0x129 bin/timer_11xx.o
 .debug_loc     0x00000bb8      0xaa4 bin/uart_11xx.o
 .debug_loc     0x0000165c      0x373 bin/board.o
 .debug_loc     0x000019cf       0x65 bin/main.o
 .debug_loc     0x00001a34       0x44 bin/sysinit.o

Cross Reference Table

Symbol                                            File
ADC_IRQHandler                                    bin/startup_LPC11xx.o
BOD_IRQHandler                                    bin/startup_LPC11xx.o
Board_CAN_Init                                    bin/board.o
                                                  bin/main.o
Board_LEDs_Init                                   bin/board.o
                                                  bin/main.o
Board_Setup_Timers                                bin/board.o
                                                  bin/main.o
Board_SysTick_Init                                bin/board.o
                                                  bin/main.o
Board_Timer0_ReadCapture                          bin/board.o
                                                  bin/main.o
Board_Timer0_Reset_Clear                          bin/board.o
                                                  bin/main.o
Board_UART_Init                                   bin/board.o
                                                  bin/main.o
Board_UART_Print                                  bin/board.o
                                                  bin/main.o
Board_UART_PrintNum                               bin/board.o
Board_UART_Println                                bin/board.o
                                                  bin/main.o
Board_UART_Read                                   bin/board.o
Board_UART_SendBlocking                           bin/board.o
Brusa_Decode                                      bin/brusa.o
Brusa_DecodeActI                                  bin/brusa.o
Brusa_DecodeActII                                 bin/brusa.o
Brusa_DecodeErr                                   bin/brusa.o
Brusa_DecodeStatus                                bin/brusa.o
Brusa_DecodeTemp                                  bin/brusa.o
Brusa_MakeCTL                                     bin/brusa.o
CAN_IRQHandler                                    bin/board.o
                                                  bin/startup_LPC11xx.o
CAN_baudrate_calculate                            bin/board.o
CAN_error                                         bin/main.o
CAN_rx                                            bin/main.o
CAN_tx                                            bin/main.o
Chip_ADC_DeInit                                   bin/adc_11xx.o
Chip_ADC_EnableChannel                            bin/adc_11xx.o
Chip_ADC_Init                                     bin/adc_11xx.o
Chip_ADC_Int_SetChannelCmd                        bin/adc_11xx.o
Chip_ADC_ReadByte                                 bin/adc_11xx.o
Chip_ADC_ReadStatus                               bin/adc_11xx.o
Chip_ADC_ReadValue                                bin/adc_11xx.o
Chip_ADC_SetBurstCmd                              bin/adc_11xx.o
Chip_ADC_SetResolution                            bin/adc_11xx.o
Chip_ADC_SetSampleRate                            bin/adc_11xx.o
Chip_ADC_SetStartMode                             bin/adc_11xx.o
Chip_Clock_GetMainClockRate                       bin/clock_11xx.o
                                                  bin/board.o
                                                  bin/uart_11xx.o
                                                  bin/ssp_11xx.o
Chip_Clock_GetSystemClockRate                     bin/clock_11xx.o
                                                  bin/chip_11xx.o
                                                  bin/adc_11xx.o
Chip_Clock_GetSystemPLLInClockRate                bin/clock_11xx.o
Chip_Clock_GetSystemPLLOutClockRate               bin/clock_11xx.o
Chip_Clock_GetWDTOSCRate                          bin/clock_11xx.o
Chip_Clock_SetCLKOUTSource                        bin/clock_11xx.o
Chip_Clock_SetMainClockSource                     bin/clock_11xx.o
                                                  bin/sysinit_11xx.o
Chip_Clock_SetPLLBypass                           bin/clock_11xx.o
Chip_Clock_SetSystemPLLSource                     bin/clock_11xx.o
                                                  bin/sysinit_11xx.o
Chip_Clock_SetWDTClockSource                      bin/clock_11xx.o
Chip_GPIO_DeInit                                  bin/gpio_11xx_2.o
Chip_GPIO_Init                                    bin/gpio_11xx_2.o
                                                  bin/board.o
Chip_GPIO_SetDir                                  bin/gpio_11xx_2.o
Chip_GPIO_SetPinDIR                               bin/gpio_11xx_2.o
Chip_GPIO_SetPortDIR                              bin/gpio_11xx_2.o
Chip_GPIO_SetupPinInt                             bin/gpio_11xx_2.o
Chip_GPIO_WriteDirBit                             bin/gpio_11xx_2.o
                                                  bin/board.o
                                                  bin/mcp2515.o
                                                  bin/ltc6804.o
                                                  bin/lc1024.o
Chip_I2C_DeInit                                   bin/i2c_11xx.o
Chip_I2C_Disable                                  bin/i2c_11xx.o
Chip_I2C_EventHandler                             bin/i2c_11xx.o
Chip_I2C_EventHandlerPolling                      bin/i2c_11xx.o
Chip_I2C_GetClockRate                             bin/i2c_11xx.o
Chip_I2C_GetMasterEventHandler                    bin/i2c_11xx.o
Chip_I2C_Init                                     bin/i2c_11xx.o
Chip_I2C_IsMasterActive                           bin/i2c_11xx.o
Chip_I2C_IsStateChanged                           bin/i2c_11xx.o
Chip_I2C_MasterCmdRead                            bin/i2c_11xx.o
Chip_I2C_MasterRead                               bin/i2c_11xx.o
Chip_I2C_MasterSend                               bin/i2c_11xx.o
Chip_I2C_MasterStateHandler                       bin/i2c_11xx.o
Chip_I2C_MasterTransfer                           bin/i2c_11xx.o
Chip_I2C_SetClockRate                             bin/i2c_11xx.o
Chip_I2C_SetMasterEventHandler                    bin/i2c_11xx.o
Chip_I2C_SlaveSetup                               bin/i2c_11xx.o
Chip_I2C_SlaveStateHandler                        bin/i2c_11xx.o
Chip_PMU_DeepPowerDownState                       bin/pmu_11xx.o
Chip_PMU_Sleep                                    bin/pmu_11xx.o
Chip_PMU_SleepState                               bin/pmu_11xx.o
Chip_SSP_DeInit                                   bin/ssp_11xx.o
Chip_SSP_Init                                     bin/ssp_11xx.o
                                                  bin/ltc6804.o
                                                  bin/lc1024.o
Chip_SSP_Int_FlushData                            bin/ssp_11xx.o
Chip_SSP_Int_RWFrames16Bits                       bin/ssp_11xx.o
Chip_SSP_Int_RWFrames8Bits                        bin/ssp_11xx.o
Chip_SSP_RWFrames_Blocking                        bin/ssp_11xx.o
                                                  bin/mcp2515.o
                                                  bin/ltc6804.o
                                                  bin/lc1024.o
Chip_SSP_ReadFrames_Blocking                      bin/ssp_11xx.o
Chip_SSP_SetBitRate                               bin/ssp_11xx.o
                                                  bin/ltc6804.o
                                                  bin/lc1024.o
Chip_SSP_SetClockRate                             bin/ssp_11xx.o
Chip_SSP_SetMaster                                bin/ssp_11xx.o
                                                  bin/ltc6804.o
                                                  bin/lc1024.o
Chip_SSP_WriteFrames_Blocking                     bin/ssp_11xx.o
                                                  bin/mcp2515.o
                                                  bin/ltc6804.o
                                                  bin/lc1024.o
Chip_SYSCTL_PowerDown                             bin/sysctl_11xx.o
                                                  bin/sysinit_11xx.o
                                                  bin/adc_11xx.o
Chip_SYSCTL_PowerUp                               bin/sysctl_11xx.o
                                                  bin/sysinit_11xx.o
                                                  bin/adc_11xx.o
Chip_SYSCTL_SetDeepSleepPD                        bin/sysctl_11xx.o
Chip_SYSCTL_SetWakeup                             bin/sysctl_11xx.o
Chip_SystemInit                                   bin/sysinit_11xx.o
Chip_TIMER_DeInit                                 bin/timer_11xx.o
Chip_TIMER_ExtMatchControlSet                     bin/timer_11xx.o
Chip_TIMER_Init                                   bin/timer_11xx.o
                                                  bin/board.o
Chip_TIMER_Reset                                  bin/timer_11xx.o
                                                  bin/board.o
Chip_UART_DeInit                                  bin/uart_11xx.o
Chip_UART_IRQRBHandler                            bin/uart_11xx.o
Chip_UART_Init                                    bin/uart_11xx.o
                                                  bin/board.o
Chip_UART_RXIntHandlerRB                          bin/uart_11xx.o
Chip_UART_Read                                    bin/uart_11xx.o
                                                  bin/board.o
Chip_UART_ReadBlocking                            bin/uart_11xx.o
Chip_UART_ReadRB                                  bin/uart_11xx.o
Chip_UART_Send                                    bin/uart_11xx.o
Chip_UART_SendBlocking                            bin/uart_11xx.o
                                                  bin/board.o
Chip_UART_SendRB                                  bin/uart_11xx.o
Chip_UART_SetBaud                                 bin/uart_11xx.o
                                                  bin/board.o
Chip_UART_SetBaudFDR                              bin/uart_11xx.o
Chip_UART_TXIntHandlerRB                          bin/uart_11xx.o
Chip_WWDT_ClearStatusFlag                         bin/wwdt_11xx.o
Chip_WWDT_DeInit                                  bin/wwdt_11xx.o
Chip_WWDT_Init                                    bin/wwdt_11xx.o
Default_Handler                                   bin/startup_LPC11xx.o
HardFault_Handler                                 bin/startup_LPC11xx.o
I2C_IRQHandler                                    bin/startup_LPC11xx.o
LC1024_Init                                       bin/lc1024.o
LC1024_ReadMem                                    bin/lc1024.o
LC1024_ReadStatusReg                              bin/lc1024.o
LC1024_WriteDisable                               bin/lc1024.o
LC1024_WriteEnable                                bin/lc1024.o
LC1024_WriteMem                                   bin/lc1024.o
LTC6804_CVSelfTestCmd                             bin/ltc6804.o
LTC6804_CalculatePEC                              bin/ltc6804.o
LTC6804_Init                                      bin/ltc6804.o
LTC6804_LoadCFG                                   bin/ltc6804.o
LTC6804_OpenWireTestCmd                           bin/ltc6804.o
LTC6804_ReadCFG                                   bin/ltc6804.o
LTC6804_ReadVoltageGroup                          bin/ltc6804.o
LTC6804_StartADC                                  bin/ltc6804.o
LTC6804_Wake                                      bin/ltc6804.o
MBB_DecodeExt                                     bin/a123mbb.o
MBB_DecodeStd                                     bin/a123mbb.o
MBB_MakeCMD                                       bin/a123mbb.o
MCP2515_BitModify                                 bin/mcp2515.o
MCP2515_GetEmptyTransmitBuffer                    bin/mcp2515.o
MCP2515_GetFullReceiveBuffer                      bin/mcp2515.o
MCP2515_Init                                      bin/mcp2515.o
MCP2515_LoadBuffer                                bin/mcp2515.o
MCP2515_LoadBufferData                            bin/mcp2515.o
MCP2515_Mode                                      bin/mcp2515.o
MCP2515_Read                                      bin/mcp2515.o
MCP2515_ReadBuffer                                bin/mcp2515.o
MCP2515_Reset                                     bin/mcp2515.o
MCP2515_SendBuffer                                bin/mcp2515.o
MCP2515_SetBitRate                                bin/mcp2515.o
MCP2515_Write                                     bin/mcp2515.o
NMI_Handler                                       bin/startup_LPC11xx.o
OscRateIn                                         bin/board.o
                                                  bin/clock_11xx.o
PIOINT0_IRQHandler                                bin/startup_LPC11xx.o
PIOINT1_IRQHandler                                bin/startup_LPC11xx.o
PIOINT2_IRQHandler                                bin/startup_LPC11xx.o
PIOINT3_IRQHandler                                bin/startup_LPC11xx.o
PendSV_Handler                                    bin/startup_LPC11xx.o
Reset_Handler                                     bin/startup_LPC11xx.o
RingBuffer_Init                                   bin/ring_buffer.o
                                                  bin/main.o
RingBuffer_Insert                                 bin/ring_buffer.o
                                                  bin/main.o
                                                  bin/uart_11xx.o
RingBuffer_InsertMult                             bin/ring_buffer.o
                                                  bin/uart_11xx.o
RingBuffer_Pop                                    bin/ring_buffer.o
                                                  bin/uart_11xx.o
RingBuffer_PopMult                                bin/ring_buffer.o
                                                  bin/uart_11xx.o
SSP0_IRQHandler                                   bin/startup_LPC11xx.o
SSP1_IRQHandler                                   bin/startup_LPC11xx.o
SVC_Handler                                       bin/startup_LPC11xx.o
SysTick_Handler                                   bin/board.o
                                                  bin/startup_LPC11xx.o
SystemCoreClock                                   bin/sysinit.o
                                                  bin/chip_11xx.o
                                                  bin/board.o
                                                  bin/i2c_11xx.o
SystemCoreClockUpdate                             bin/chip_11xx.o
                                                  bin/board.o
SystemInit                                        bin/sysinit.o
                                                  bin/startup_LPC11xx.o
TIMER16_0_IRQHandler                              bin/startup_LPC11xx.o
TIMER16_1_IRQHandler                              bin/startup_LPC11xx.o
TIMER32_0_IRQHandler                              bin/main.o
                                                  bin/startup_LPC11xx.o
TIMER32_1_IRQHandler                              bin/startup_LPC11xx.o
UART_IRQHandler                                   bin/startup_LPC11xx.o
WAKEUP_IRQHandler                                 bin/startup_LPC11xx.o
WDT_IRQHandler                                    bin/startup_LPC11xx.o
ZeroTxBuf                                         bin/lc1024.o
__HeapBase                                        bin/startup_LPC11xx.o
__HeapLimit                                       bin/startup_LPC11xx.o
__StackLimit                                      bin/startup_LPC11xx.o
__StackTop                                        bin/startup_LPC11xx.o
__aeabi_cdcmpeq                                   /usr/bin/../lib/gcc/arm-none-eabi/4.9.3/armv6-m/libgcc.a(_arm_cmpdf2.o)
__aeabi_cdcmple                                   /usr/bin/../lib/gcc/arm-none-eabi/4.9.3/armv6-m/libgcc.a(_arm_cmpdf2.o)
__aeabi_cdrcmple                                  /usr/bin/../lib/gcc/arm-none-eabi/4.9.3/armv6-m/libgcc.a(_arm_cmpdf2.o)
__aeabi_d2iz                                      /usr/bin/../lib/gcc/arm-none-eabi/4.9.3/armv6-m/libgcc.a(fixdfsi.o)
                                                  /usr/bin/../lib/gcc/arm-none-eabi/4.9.3/armv6-m/libgcc.a(_fixunsdfsi.o)
__aeabi_d2uiz                                     /usr/bin/../lib/gcc/arm-none-eabi/4.9.3/armv6-m/libgcc.a(_fixunsdfsi.o)
                                                  bin/mcp2515.o
__aeabi_dcmpeq                                    /usr/bin/../lib/gcc/arm-none-eabi/4.9.3/armv6-m/libgcc.a(_arm_cmpdf2.o)
__aeabi_dcmpge                                    /usr/bin/../lib/gcc/arm-none-eabi/4.9.3/armv6-m/libgcc.a(_arm_cmpdf2.o)
                                                  /usr/bin/../lib/gcc/arm-none-eabi/4.9.3/armv6-m/libgcc.a(_fixunsdfsi.o)
__aeabi_dcmpgt                                    /usr/bin/../lib/gcc/arm-none-eabi/4.9.3/armv6-m/libgcc.a(_arm_cmpdf2.o)
__aeabi_dcmple                                    /usr/bin/../lib/gcc/arm-none-eabi/4.9.3/armv6-m/libgcc.a(_arm_cmpdf2.o)
__aeabi_dcmplt                                    /usr/bin/../lib/gcc/arm-none-eabi/4.9.3/armv6-m/libgcc.a(_arm_cmpdf2.o)
__aeabi_dmul                                      /usr/bin/../lib/gcc/arm-none-eabi/4.9.3/armv6-m/libgcc.a(muldf3.o)
                                                  bin/mcp2515.o
__aeabi_dsub                                      /usr/bin/../lib/gcc/arm-none-eabi/4.9.3/armv6-m/libgcc.a(subdf3.o)
                                                  /usr/bin/../lib/gcc/arm-none-eabi/4.9.3/armv6-m/libgcc.a(_fixunsdfsi.o)
__aeabi_i2d                                       /usr/bin/../lib/gcc/arm-none-eabi/4.9.3/armv6-m/libgcc.a(floatsidf.o)
                                                  bin/mcp2515.o
__aeabi_idiv0                                     /usr/bin/../lib/gcc/arm-none-eabi/4.9.3/armv6-m/libgcc.a(_dvmd_tls.o)
                                                  /usr/bin/../lib/gcc/arm-none-eabi/4.9.3/armv6-m/libgcc.a(_udivsi3.o)
__aeabi_ldiv0                                     /usr/bin/../lib/gcc/arm-none-eabi/4.9.3/armv6-m/libgcc.a(_dvmd_tls.o)
                                                  /usr/bin/../lib/gcc/arm-none-eabi/4.9.3/armv6-m/libgcc.a(_aeabi_uldivmod.o)
__aeabi_lmul                                      /usr/bin/../lib/gcc/arm-none-eabi/4.9.3/armv6-m/libgcc.a(_muldi3.o)
                                                  /usr/bin/../lib/gcc/arm-none-eabi/4.9.3/armv6-m/libgcc.a(bpabi.o)
__aeabi_uidiv                                     /usr/bin/../lib/gcc/arm-none-eabi/4.9.3/armv6-m/libgcc.a(_udivsi3.o)
                                                  /usr/bin/../lib/gcc/arm-none-eabi/4.9.3/../../../../arm-none-eabi/lib/armv6-m/libg.a(lib_a-utoa.o)
                                                  bin/main.o
                                                  bin/board.o
                                                  bin/mcp2515.o
                                                  bin/ltc6804.o
                                                  bin/brusa.o
                                                  bin/uart_11xx.o
                                                  bin/ssp_11xx.o
                                                  bin/i2c_11xx.o
                                                  bin/clock_11xx.o
                                                  bin/adc_11xx.o
__aeabi_uidivmod                                  /usr/bin/../lib/gcc/arm-none-eabi/4.9.3/armv6-m/libgcc.a(_udivsi3.o)
                                                  /usr/bin/../lib/gcc/arm-none-eabi/4.9.3/../../../../arm-none-eabi/lib/armv6-m/libg.a(lib_a-utoa.o)
                                                  bin/uart_11xx.o
                                                  bin/ring_buffer.o
__aeabi_uldivmod                                  /usr/bin/../lib/gcc/arm-none-eabi/4.9.3/armv6-m/libgcc.a(_aeabi_uldivmod.o)
                                                  bin/mcp2515.o
__clzdi2                                          /usr/bin/../lib/gcc/arm-none-eabi/4.9.3/armv6-m/libgcc.a(_clzdi2.o)
                                                  /usr/bin/../lib/gcc/arm-none-eabi/4.9.3/armv6-m/libgcc.a(_udivdi3.o)
                                                  /usr/bin/../lib/gcc/arm-none-eabi/4.9.3/armv6-m/libgcc.a(_divdi3.o)
__clzsi2                                          /usr/bin/../lib/gcc/arm-none-eabi/4.9.3/armv6-m/libgcc.a(_clzsi2.o)
                                                  /usr/bin/../lib/gcc/arm-none-eabi/4.9.3/armv6-m/libgcc.a(_clzdi2.o)
                                                  /usr/bin/../lib/gcc/arm-none-eabi/4.9.3/armv6-m/libgcc.a(floatsidf.o)
                                                  /usr/bin/../lib/gcc/arm-none-eabi/4.9.3/armv6-m/libgcc.a(subdf3.o)
                                                  /usr/bin/../lib/gcc/arm-none-eabi/4.9.3/armv6-m/libgcc.a(muldf3.o)
__divdi3                                          /usr/bin/../lib/gcc/arm-none-eabi/4.9.3/armv6-m/libgcc.a(_divdi3.o)
                                                  /usr/bin/../lib/gcc/arm-none-eabi/4.9.3/armv6-m/libgcc.a(bpabi.o)
__eqdf2                                           /usr/bin/../lib/gcc/arm-none-eabi/4.9.3/armv6-m/libgcc.a(eqdf2.o)
                                                  /usr/bin/../lib/gcc/arm-none-eabi/4.9.3/armv6-m/libgcc.a(_arm_cmpdf2.o)
__fixunsdfsi                                      /usr/bin/../lib/gcc/arm-none-eabi/4.9.3/armv6-m/libgcc.a(_fixunsdfsi.o)
__gedf2                                           /usr/bin/../lib/gcc/arm-none-eabi/4.9.3/armv6-m/libgcc.a(gedf2.o)
                                                  /usr/bin/../lib/gcc/arm-none-eabi/4.9.3/armv6-m/libgcc.a(_arm_cmpdf2.o)
__gnu_ldivmod_helper                              /usr/bin/../lib/gcc/arm-none-eabi/4.9.3/armv6-m/libgcc.a(bpabi.o)
__gnu_uldivmod_helper                             /usr/bin/../lib/gcc/arm-none-eabi/4.9.3/armv6-m/libgcc.a(bpabi.o)
                                                  /usr/bin/../lib/gcc/arm-none-eabi/4.9.3/armv6-m/libgcc.a(_aeabi_uldivmod.o)
__gtdf2                                           /usr/bin/../lib/gcc/arm-none-eabi/4.9.3/armv6-m/libgcc.a(gedf2.o)
__isr_vector                                      bin/startup_LPC11xx.o
__itoa                                            /usr/bin/../lib/gcc/arm-none-eabi/4.9.3/../../../../arm-none-eabi/lib/armv6-m/libg.a(lib_a-itoa.o)
__ledf2                                           /usr/bin/../lib/gcc/arm-none-eabi/4.9.3/armv6-m/libgcc.a(ledf2.o)
                                                  /usr/bin/../lib/gcc/arm-none-eabi/4.9.3/armv6-m/libgcc.a(_arm_cmpdf2.o)
__ltdf2                                           /usr/bin/../lib/gcc/arm-none-eabi/4.9.3/armv6-m/libgcc.a(ledf2.o)
__muldi3                                          /usr/bin/../lib/gcc/arm-none-eabi/4.9.3/armv6-m/libgcc.a(_muldi3.o)
__nedf2                                           /usr/bin/../lib/gcc/arm-none-eabi/4.9.3/armv6-m/libgcc.a(eqdf2.o)
__reverse                                         bin/util.o
__udivdi3                                         /usr/bin/../lib/gcc/arm-none-eabi/4.9.3/armv6-m/libgcc.a(_udivdi3.o)
                                                  /usr/bin/../lib/gcc/arm-none-eabi/4.9.3/armv6-m/libgcc.a(bpabi.o)
__udivsi3                                         /usr/bin/../lib/gcc/arm-none-eabi/4.9.3/armv6-m/libgcc.a(_udivsi3.o)
__utoa                                            /usr/bin/../lib/gcc/arm-none-eabi/4.9.3/../../../../arm-none-eabi/lib/armv6-m/libg.a(lib_a-utoa.o)
                                                  /usr/bin/../lib/gcc/arm-none-eabi/4.9.3/../../../../arm-none-eabi/lib/armv6-m/libg.a(lib_a-itoa.o)
_baud                                             bin/ltc6804.o
                                                  bin/lc1024.o
_cs_gpio                                          bin/mcp2515.o
                                                  bin/ltc6804.o
                                                  bin/lc1024.o
_cs_pin                                           bin/mcp2515.o
                                                  bin/ltc6804.o
                                                  bin/lc1024.o
_delay                                            bin/main.o
_int_gpio                                         bin/mcp2515.o
_int_pin                                          bin/mcp2515.o
getSlaveIndex                                     bin/i2c_11xx.o
handleMasterXferState                             bin/i2c_11xx.o
handleSlaveXferState                              bin/i2c_11xx.o
itoa                                              /usr/bin/../lib/gcc/arm-none-eabi/4.9.3/../../../../arm-none-eabi/lib/armv6-m/libg.a(lib_a-itoa.o)
                                                  bin/main.o
                                                  bin/board.o
main                                              bin/main.o
                                                  bin/startup_LPC11xx.o
memcpy                                            /usr/bin/../lib/gcc/arm-none-eabi/4.9.3/../../../../arm-none-eabi/lib/armv6-m/libg.a(lib_a-memcpy.o)
                                                  bin/ltc6804.o
                                                  bin/ring_buffer.o
msTicks                                           bin/main.o
                                                  bin/board.o
readAdcVal                                        bin/adc_11xx.o
setStartMode                                      bin/adc_11xx.o
strlen                                            /usr/bin/../lib/gcc/arm-none-eabi/4.9.3/../../../../arm-none-eabi/lib/armv6-m/libg.a(lib_a-strlen.o)
                                                  bin/board.o
utoa                                              /usr/bin/../lib/gcc/arm-none-eabi/4.9.3/../../../../arm-none-eabi/lib/armv6-m/libg.a(lib_a-utoa.o)
