board.c:10:6:SysTick_Handler	0	static
board.c:19:8:Board_SysTick_Init	8	static
board.c:29:6:Board_LEDs_Init	8	static
board.c:34:6:Board_UART_Init	16	static
board.c:45:6:Board_UART_Print	8	static
board.c:49:6:Board_UART_Println	8	static
board.c:54:6:Board_UART_PrintNum	16	static
board.c:61:6:Board_UART_SendBlocking	8	static
board.c:65:8:Board_UART_Read	8	static
board.c:69:6:Board_Setup_Timers	24	static
board.c:92:6:Board_Timer0_Reset_Clear	8	static
board.c:98:10:Board_Timer0_ReadCapture	0	static
