i2c_11xx.c:330:6:Chip_I2C_EventHandler	0	static
i2c_11xx.c:178:5:handleMasterXferState	8	static
i2c_11xx.c:247:14:getSlaveIndex	12	static
i2c_11xx.c:264:5:handleSlaveXferState	0	static
i2c_11xx.c:368:6:Chip_I2C_Init	0	static
i2c_11xx.c:387:6:Chip_I2C_DeInit	0	static
i2c_11xx.c:396:6:Chip_I2C_SetClockRate	8	static
i2c_11xx.c:407:10:Chip_I2C_GetClockRate	8	static
i2c_11xx.c:414:5:Chip_I2C_SetMasterEventHandler	0	static
i2c_11xx.c:425:20:Chip_I2C_GetMasterEventHandler	0	static
i2c_11xx.c:432:5:Chip_I2C_MasterTransfer	16	static
i2c_11xx.c:459:5:Chip_I2C_MasterSend	40	static
i2c_11xx.c:473:5:Chip_I2C_MasterCmdRead	48	static
i2c_11xx.c:486:5:Chip_I2C_MasterRead	40	static
i2c_11xx.c:499:5:Chip_I2C_IsMasterActive	0	static
i2c_11xx.c:506:6:Chip_I2C_MasterStateHandler	16	static
i2c_11xx.c:514:6:Chip_I2C_SlaveSetup	16	static
i2c_11xx.c:537:6:Chip_I2C_SlaveStateHandler	16	static
i2c_11xx.c:563:6:Chip_I2C_Disable	0	static
i2c_11xx.c:570:5:Chip_I2C_IsStateChanged	0	static
i2c_11xx.c:348:6:Chip_I2C_EventHandlerPolling	16	static
