uart_11xx.c:51:6:Chip_UART_Init	8	static
uart_11xx.c:67:6:Chip_UART_DeInit	0	static
uart_11xx.c:74:5:Chip_UART_Send	8	static
uart_11xx.c:91:5:Chip_UART_SendBlocking	24	static
uart_11xx.c:107:5:Chip_UART_Read	8	static
uart_11xx.c:124:5:Chip_UART_ReadBlocking	24	static
uart_11xx.c:140:10:Chip_UART_SetBaud	16	static
uart_11xx.c:162:6:Chip_UART_RXIntHandlerRB	24	static
uart_11xx.c:172:6:Chip_UART_TXIntHandlerRB	24	static
uart_11xx.c:184:10:Chip_UART_SendRB	32	static
uart_11xx.c:206:5:Chip_UART_ReadRB	8	static
uart_11xx.c:214:6:Chip_UART_IRQRBHandler	24	static
uart_11xx.c:231:10:Chip_UART_SetBaudFDR	32	static
